### Description of Issue/Question

After upgrading to Salt 2016.3.2, as per #35443 to test the code from #35178 I have noticed that the mines are not refreshed again - similarly to #32022. This time looks like the scheduling process that should refresh the mines is not executed.

Using the same test proxy config as described in #32022, section _Setup_:

``` bash
mircea@36netops1:~$ date
Fri Sep  2 12:07:58 UTC 2016
mircea@36netops1:~$ sudo salt 'mine' mine.get 'mine' testmine.timestamp
/usr/local/salt/virtualenv/lib/python2.7/site-packages/salt/grains/core.py:1493: DeprecationWarning: The "osmajorrelease" will be a type of an integer.
mine:
    ----------
    mine:
        ----------
        last_call:
            1472817840.18
mircea@36netops1:~$ date
Fri Sep  2 12:11:02 UTC 2016
mircea@36netops1:~$ sudo salt 'mine' mine.get 'mine' testmine.timestamp
/usr/local/salt/virtualenv/lib/python2.7/site-packages/salt/grains/core.py:1493: DeprecationWarning: The "osmajorrelease" will be a type of an integer.
mine:
    ----------
    mine:
        ----------
        last_call:
            1472817840.18
```

We also have a couple of runners scheduled to be run at specific time intervals, e.g. schedule part from master config file:

``` yaml
# Schedulers
schedule:
  keepalive_proxies:
    function: keep.alive
    minutes: 15
  traceroute_runner:
    function: traceroute.collect
    hours: 4
```

They don't seem to be executed either.
### Setup

For the mine refresh process, please see #32022.
To see if the runners are executed as scheduled in the master config file, a dummy runner is enough:

under `_runners` directory:

_dummy.py_:

``` python
# -*- coding: utf-8 -*-
from __future__ import absolute_import

def test():
    return True
```

``` bash
root@36netops1:~# salt-run dummy.test
/usr/local/salt/virtualenv/lib/python2.7/site-packages/salt/grains/core.py:1493: DeprecationWarning: The "osmajorrelease" will be a type of an integer.
True
```

Scheduled in the master to be executed every minute:

```
schedule:
  dummy_runner:
    function: dummy.test
    minutes: 1
```

Restart salt-master.
### Steps to Reproduce Issue

In the master, looks that the error below is relevant:

```
2016-09-02 12:18:39,309 [salt.utils.schedule                                                        ][ERROR   ][27389] Unhandled exception running dummy.test
Traceback (most recent call last):
  File "/usr/local/salt/virtualenv/lib/python2.7/site-packages/salt/utils/schedule.py", line 741, in handle_func
    ret['return'] = self.functions[func](*args, **kwargs)
  File "/usr/local/salt/virtualenv/lib/python2.7/site-packages/salt/client/mixins.py", line 101, in wrapper
    False,  # Don't daemonize
  File "/usr/local/salt/virtualenv/lib/python2.7/site-packages/salt/client/mixins.py", line 432, in _proc_function
    return self.low(fun, low)
  File "/usr/local/salt/virtualenv/lib/python2.7/site-packages/salt/client/mixins.py", line 263, in low
    'fun_args': fun_args + ([low['kwargs']] if low.get('kwargs', False) else []),
TypeError: can only concatenate tuple (not "list") to tuple
2016-09-02 12:19:39,965 [salt.utils.schedule                                                        ][ERROR   ][27785] Unhandled exception running dummy.test
Traceback (most recent call last):
  File "/usr/local/salt/virtualenv/lib/python2.7/site-packages/salt/utils/schedule.py", line 741, in handle_func
    ret['return'] = self.functions[func](*args, **kwargs)
  File "/usr/local/salt/virtualenv/lib/python2.7/site-packages/salt/client/mixins.py", line 101, in wrapper
    False,  # Don't daemonize
  File "/usr/local/salt/virtualenv/lib/python2.7/site-packages/salt/client/mixins.py", line 432, in _proc_function
    return self.low(fun, low)
  File "/usr/local/salt/virtualenv/lib/python2.7/site-packages/salt/client/mixins.py", line 263, in low
    'fun_args': fun_args + ([low['kwargs']] if low.get('kwargs', False) else []),
TypeError: can only concatenate tuple (not "list") to tuple
2016-09-02 12:20:40,609 [salt.utils.schedule                                                        ][ERROR   ][29339] Unhandled exception running dummy.test
Traceback (most recent call last):
  File "/usr/local/salt/virtualenv/lib/python2.7/site-packages/salt/utils/schedule.py", line 741, in handle_func
    ret['return'] = self.functions[func](*args, **kwargs)
  File "/usr/local/salt/virtualenv/lib/python2.7/site-packages/salt/client/mixins.py", line 101, in wrapper
    False,  # Don't daemonize
  File "/usr/local/salt/virtualenv/lib/python2.7/site-packages/salt/client/mixins.py", line 432, in _proc_function
    return self.low(fun, low)
  File "/usr/local/salt/virtualenv/lib/python2.7/site-packages/salt/client/mixins.py", line 263, in low
    'fun_args': fun_args + ([low['kwargs']] if low.get('kwargs', False) else []),
TypeError: can only concatenate tuple (not "list") to tuple
```
### Versions Report

``` bash
root@36netops1:~# salt --versions-report
Salt Version:
           Salt: 2016.3.2-104-g962e493

Dependency Versions:
           cffi: 1.7.0
       cherrypy: Not Installed
       dateutil: 2.2
          gitdb: 0.6.4
      gitpython: 2.0.5
          ioflo: Not Installed
         Jinja2: 2.8
        libgit2: Not Installed
        libnacl: Not Installed
       M2Crypto: 0.21.1
           Mako: Not Installed
   msgpack-pure: Not Installed
 msgpack-python: 0.4.8
   mysql-python: 1.2.5
      pycparser: 2.14
       pycrypto: 2.6.1
         pygit2: Not Installed
         Python: 2.7.9 (default, Mar  1 2015, 12:57:24)
   python-gnupg: 0.3.8
         PyYAML: 3.11
          PyZMQ: 15.4.0
           RAET: Not Installed
          smmap: 0.9.0
        timelib: Not Installed
        Tornado: 4.4.1
            ZMQ: 4.1.5

System Versions:
           dist: debian 8.5
        machine: x86_64
        release: 4.1.3-cloudflare
         system: Linux
        version: debian 8.5
```
