### Description of Issue/Question
Running `salt \* state.sls test` when the state file have a non-ascii char in it fails.

```
[ERROR   ] An un-handled exception was caught by salt's global exception handler:
UnicodeDecodeError: 'ascii' codec can't decode byte 0xc3 in position 27: ordinal not in range(128)
Traceback (most recent call last):
  File "/usr/bin/salt", line 10, in <module>
    salt_main()
  File "/usr/lib/python2.7/site-packages/salt/scripts.py", line 485, in salt_main
    client.run()
  File "/usr/lib/python2.7/site-packages/salt/cli/salt.py", line 197, in run
    self._output_ret(ret_, out, retcode=retcode)
  File "/usr/lib/python2.7/site-packages/salt/cli/salt.py", line 376, in _output_ret
    _retcode=retcode)
  File "/usr/lib/python2.7/site-packages/salt/output/__init__.py", line 94, in display_output
    display_data = try_printout(data, out, opts, **kwargs)
  File "/usr/lib/python2.7/site-packages/salt/output/__init__.py", line 41, in try_printout
    printout = get_printout(out, opts)(data, **kwargs)
  File "/usr/lib/python2.7/site-packages/salt/output/highstate.py", line 146, in output
    for host, hostdata in six.iteritems(data)
  File "/usr/lib/python2.7/site-packages/salt/output/highstate.py", line 251, in _format_host
    comps = tname.split('_|-')
UnicodeDecodeError: 'ascii' codec can't decode byte 0xc3 in position 27: ordinal not in range(128)
```

Running the same state file with `salt-ssh` or `salt-call --local` it does not fail.

```
[root@li432-250 ~]# cat /srv/salt/test.sls 
echo:
  cmd.run:
    - name: "echo 'This is Æ test!'"
[root@li432-250 ~]# salt-ssh \* state.sls test
ssh:
----------
          ID: echo
    Function: cmd.run
        Name: echo 'This is Æ test!'
      Result: True
     Comment: Command "echo 'This is Æ test!'" run
     Started: 21:12:22.057709
    Duration: 8.363 ms
     Changes:   
              ----------
              pid:
                  29401
              retcode:
                  0
              stderr:
              stdout:
                  This is Æ test!

Summary for ssh
------------
Succeeded: 1 (changed=1)
Failed:    0
------------
Total states run:     1
Total run time:   8.363 ms
[root@li432-250 ~]# salt-call --local state.sls test
local:
----------
          ID: echo
    Function: cmd.run
        Name: echo 'This is Æ test!'
      Result: True
     Comment: Command "echo 'This is Æ test!'" run
     Started: 21:12:28.972325
    Duration: 8.694 ms
     Changes:   
              ----------
              pid:
                  29477
              retcode:
                  0
              stderr:
              stdout:
                  This is Æ test!

Summary for local
------------
Succeeded: 1 (changed=1)
Failed:    0
------------
Total states run:     1
Total run time:   8.694 ms
[root@li432-250 ~]# salt \* state.sls test
[ERROR   ] An un-handled exception was caught by salt's global exception handler:
UnicodeDecodeError: 'ascii' codec can't decode byte 0xc3 in position 27: ordinal not in range(128)
Traceback (most recent call last):
  File "/usr/bin/salt", line 10, in <module>
    salt_main()
  File "/usr/lib/python2.7/site-packages/salt/scripts.py", line 485, in salt_main
    client.run()
  File "/usr/lib/python2.7/site-packages/salt/cli/salt.py", line 197, in run
    self._output_ret(ret_, out, retcode=retcode)
  File "/usr/lib/python2.7/site-packages/salt/cli/salt.py", line 376, in _output_ret
    _retcode=retcode)
  File "/usr/lib/python2.7/site-packages/salt/output/__init__.py", line 94, in display_output
    display_data = try_printout(data, out, opts, **kwargs)
  File "/usr/lib/python2.7/site-packages/salt/output/__init__.py", line 41, in try_printout
    printout = get_printout(out, opts)(data, **kwargs)
  File "/usr/lib/python2.7/site-packages/salt/output/highstate.py", line 146, in output
    for host, hostdata in six.iteritems(data)
  File "/usr/lib/python2.7/site-packages/salt/output/highstate.py", line 251, in _format_host
    comps = tname.split('_|-')
UnicodeDecodeError: 'ascii' codec can't decode byte 0xc3 in position 27: ordinal not in range(128)
Traceback (most recent call last):
  File "/usr/bin/salt", line 10, in <module>
    salt_main()
  File "/usr/lib/python2.7/site-packages/salt/scripts.py", line 485, in salt_main
    client.run()
  File "/usr/lib/python2.7/site-packages/salt/cli/salt.py", line 197, in run
    self._output_ret(ret_, out, retcode=retcode)
  File "/usr/lib/python2.7/site-packages/salt/cli/salt.py", line 376, in _output_ret
    _retcode=retcode)
  File "/usr/lib/python2.7/site-packages/salt/output/__init__.py", line 94, in display_output
    display_data = try_printout(data, out, opts, **kwargs)
  File "/usr/lib/python2.7/site-packages/salt/output/__init__.py", line 41, in try_printout
    printout = get_printout(out, opts)(data, **kwargs)
  File "/usr/lib/python2.7/site-packages/salt/output/highstate.py", line 146, in output
    for host, hostdata in six.iteritems(data)
  File "/usr/lib/python2.7/site-packages/salt/output/highstate.py", line 251, in _format_host
    comps = tname.split('_|-')
UnicodeDecodeError: 'ascii' codec can't decode byte 0xc3 in position 27: ordinal not in range(128)
[root@li432-250 ~]# salt --versions
Salt Version:
           Salt: 2018.3.0
 
Dependency Versions:
           cffi: Not Installed
       cherrypy: Not Installed
       dateutil: Not Installed
      docker-py: Not Installed
          gitdb: Not Installed
      gitpython: Not Installed
          ioflo: Not Installed
         Jinja2: 2.7.2
        libgit2: Not Installed
        libnacl: Not Installed
       M2Crypto: Not Installed
           Mako: Not Installed
   msgpack-pure: Not Installed
 msgpack-python: 0.5.1
   mysql-python: Not Installed
      pycparser: Not Installed
       pycrypto: 2.6.1
   pycryptodome: Not Installed
         pygit2: Not Installed
         Python: 2.7.5 (default, Aug  4 2017, 00:39:18)
   python-gnupg: Not Installed
         PyYAML: 3.11
          PyZMQ: 15.3.0
           RAET: Not Installed
          smmap: Not Installed
        timelib: Not Installed
        Tornado: 4.2.1
            ZMQ: 4.1.4
 
System Versions:
           dist: centos 7.4.1708 Core
         locale: UTF-8
        machine: x86_64
        release: 4.15.8-x86_64-linode103
         system: Linux
        version: CentOS Linux 7.4.1708 Core
 
[root@li432-250 ~]# 
```