### Description of Issue/Question
When using the "manage" runner on a normal master | syndic, the "alived" and "not_alived" functions return a list of minions as expected.  When run on a Master of Masters, they return the opposite list of minions as expected - offline minions show up using "alived", online minions show up using "not_alived".

### Setup
mom.conf
```
order_masters: True
```

syndic.conf
```
syndic_master:
  - mom-master
```
### Steps to Reproduce Issue
```
root@saltmom-a:~# salt-key
Accepted Keys:
online-syndic-a
online-syndic-b
offline-syndic-c
Denied Keys:
Unaccepted Keys:
Rejected Keys:
root@saltmom-a:~# salt-run manage.alived
- offline-syndic-c
root@saltmom-a:~# salt-run manage.not_alived
- online-syndic-a
- online-syndic-b
root@saltmom-a:~# salt-run manage.up
- online-syndic-a
- online-syndic-b
- online-minion-01
root@saltmom-a:~# salt-run -t 5 manage.down
- offline-syndic-c
```
### Versions Report
```
root@saltmom-a:~# salt --versions-report
Salt Version:
           Salt: 2016.11.3
 
Dependency Versions:
           cffi: Not Installed
       cherrypy: Not Installed
       dateutil: 2.4.2
          gitdb: 0.6.4
      gitpython: 1.0.1
          ioflo: Not Installed
         Jinja2: 2.8
        libgit2: Not Installed
        libnacl: Not Installed
       M2Crypto: Not Installed
           Mako: 1.0.3
   msgpack-pure: Not Installed
msgpack-python: 0.4.6
   mysql-python: 1.3.7
      pycparser: Not Installed
       pycrypto: 2.6.1
         pygit2: Not Installed
         Python: 2.7.12 (default, Nov 19 2016, 06:48:10)
   python-gnupg: Not Installed
         PyYAML: 3.11
          PyZMQ: 15.2.0
           RAET: Not Installed
          smmap: 0.9.0
        timelib: Not Installed
        Tornado: 4.2.1
            ZMQ: 4.1.4
 
System Versions:
           dist: Ubuntu 16.04 xenial
        machine: x86_64
        release: 4.4.0-66-generic
         system: Linux
        version: Ubuntu 16.04 xenial
```