Hi

Trying to see how salt's test suite works. I got this error on Fedora 20.

```
[tjyang@fedora20t02 salt]$ git describe
v2014.7.0-6079-g01535e3
[tjyang@fedora20t02 salt]$ sudo pip install -r dev_requirements_python27.txt 
<snipped>
[tjyang@fedora20t02 salt]$ sudo pip install git+https://github.com/saltstack/salt-testing.git#egg=SaltTesting 
[tjyang@fedora20t02 salt]$ sudo yum install -y python-msgpack
[tjyang@fedora20t02 salt]$ ./setup.py test
2014.7.0-1768-g01535e3
running test
running build
running build_py
running build_scripts
running test
<snipped>
 * Transplanting configuration files to '/tmp/salt-tests-tmpdir/config'
 * Current Directory: /home/tjyang/salt
 * Test suite is running under PID 24465
 * Logging tests on /tmp/salt-runtests.log
<snipped>
 * Setting up Salt daemons to execute tests
<snipped>
Traceback (most recent call last):
  File "/home/tjyang/salt/tests/runtests.py", line 409, in <module>
    main()
  File "/home/tjyang/salt/tests/runtests.py", line 394, in main
    status = parser.run_integration_tests()
  File "/home/tjyang/salt/tests/runtests.py", line 314, in run_integration_tests
    with TestDaemon(self):
  File "/home/tjyang/salt/tests/integration/__init__.py", line 173, in __enter__
    self.start_zeromq_daemons()
  File "/home/tjyang/salt/tests/integration/__init__.py", line 226, in start_zeromq_daemons
    master = salt.master.Master(self.master_opts)
AttributeError: 'module' object has no attribute 'master'
[tjyang@fedora20t02 salt]$ 
```
