Hi,

Here is my version:

```
root@edge-dev-hvmhost01:/etc/salt/cloud.providers.d# salt-cloud --versions
            Salt: 2014.7.0-630-g7eb1ad6
          Python: 2.7.3 (default, Mar 13 2014, 11:03:55)
          Jinja2: 2.6
        M2Crypto: 0.21.1
  msgpack-python: 0.1.10
    msgpack-pure: Not Installed
        pycrypto: 2.6
         libnacl: Not Installed
          PyYAML: 3.10
           ioflo: Not Installed
           PyZMQ: 13.1.0
            RAET: Not Installed
             ZMQ: 3.2.3
 Apache Libcloud: 0.15.1
```

Here is my provider conf:

```
root@edge-dev-hvmhost01:/etc/salt/cloud.providers.d# cat proxmox.conf
my-proxmox-config:
  provider: proxmox
  user: root@pam
  password: pass
  url: edge-dev-hvmhost01.edgeofcommand.com
```

Here is the problem:

```
root@edge-dev-hvmhost01:/etc/salt/cloud.providers.d# salt-cloud --list-providers 
[WARNING ] The profile 'proxmox-debian' is defining 'proxmox' as the provider. Since there's no valid configuration for that provider, the profile will be removed from the available listing
[INFO    ] salt-cloud starting
[WARNING ] The cloud driver, 'proxmox', configured under the 'my-proxmox-config' cloud provider alias was not loaded since 'proxmox.get_configured_provider()' could not be found. Removing it from the available providers list
Error: There was an error listing providers: There are no cloud providers configured.
```

I could do nothing, i can't create VM. I've install salt-cloud from a build package create from branch 2014.7. I've check if there is proxmox.py:

```
root@edge-dev-hvmhost01:/etc/salt/cloud.providers.d# find / -name proxmox.py
/usr/lib/python2.7/dist-packages/salt/cloud/clouds/proxmox.py

root@edge-dev-hvmhost01:/etc/salt/cloud.providers.d# cat /usr/lib/python2.7/dist-packages/salt/cloud/clouds/proxmox.py | grep 2014
.. versionadded:: 2014.7.0
```

So what is the problem ?
