### Description of Issue/Question

When using the PAM external_auth in 2016.3-rc2, successful logins via salt will cause invalid logins to be registered by pam_tally2, resulting in the account eventually being locked.
### Setup

(Please provide relevant configs and/or SLS files (Be sure to remove sensitive info).)

2016.3 RC2 master with external_auth pam:

```
external_auth:
  pam:
    shajducko:
      - 'I@role:provserver':
        - test.*
```
### Steps to Reproduce Issue

(Include debug logs if possible and relevant.)

```
[root@itmlabsaltdev00 ~]# pam_tally2 --user shajducko
Login           Failures Latest failure     From
shajducko           0
[root@itmlabsaltdev00 ~]# su - shajducko
[shajducko@itmlabsaltdev00 ~]$ salt -a pam \*prov\* test.ping
username: shajducko
password:
itmlabprovdev01.corplab.intuit.net:
    True
[shajducko@itmlabsaltdev00 ~]$ logout
[root@itmlabsaltdev00 ~]# pam_tally2 --user shajducko
Login           Failures Latest failure     From
shajducko           1    04/08/16 16:56:08  unknown
```
### Versions Report

(Provided by running `salt --versions-report`. Please also mention any differences in master/minion versions.)

```
Salt Version:
           Salt: 2016.3.0rc2

Dependency Versions:
         Jinja2: 2.2.1
       M2Crypto: 0.20.2
           Mako: Not Installed
         PyYAML: 3.11
          PyZMQ: 14.5.0
         Python: 2.6.6 (r266:84292, Nov 21 2013, 10:50:32)
           RAET: Not Installed
        Tornado: 4.2.1
            ZMQ: 4.0.5
           cffi: Not Installed
       cherrypy: Not Installed
       dateutil: 1.4.1
          gitdb: Not Installed
      gitpython: Not Installed
          ioflo: Not Installed
        libgit2: Not Installed
        libnacl: Not Installed
   msgpack-pure: Not Installed
 msgpack-python: 0.4.6
   mysql-python: Not Installed
      pycparser: Not Installed
       pycrypto: 2.6.1
         pygit2: Not Installed
   python-gnupg: Not Installed
          smmap: Not Installed
        timelib: Not Installed

System Versions:
           dist: redhat 6.5 Santiago
        machine: x86_64
        release: 2.6.32-431.el6.x86_64
         system: Linux
        version: Red Hat Enterprise Linux Server 6.5 Santiago
```
