### Description of Issue/Question
When `file` is defined, pkgrepo.managed didn't just manage this file. It check in all .list file.
But if a file contain the same repository in comment, this line is used instead of defined `name`.
And, the line stay commented.

### Setup
SLS:
```
debian_stretch_backports_repo:
  pkgrepo.managed:
    - file: /etc/apt/sources.list.d/stretch_backports.list
    - name: deb http://deb.debian.org/debian stretch-backports main non-free contrib
    - refresh: True
    - clean_file: True
```

### Steps to Reproduce Issue
```
root@96f3d5ca8779:/# cat /etc/apt/sources.list
# deb http://snapshot.debian.org/archive/debian/20190326T120000Z stretch main
deb http://deb.debian.org/debian stretch main
# deb http://snapshot.debian.org/archive/debian-security/20190326T120000Z stretch/updates main
deb http://security.debian.org/debian-security stretch/updates main
# deb http://snapshot.debian.org/archive/debian/20190326T120000Z stretch-updates main
deb http://deb.debian.org/debian stretch-updates main

# test
#deb http://deb.debian.org/debian stretch-backports main contrib non-free
# test
```
```
root@96f3d5ca8779:/# ls /etc/apt/sources.list.d/stretch_backports.list
ls: cannot access '/etc/apt/sources.list.d/stretch_backports.list': No such file or directory
```
```
root@96f3d5ca8779:/# salt-call --local state.apply repo
local:
----------
          ID: debian_stretch_backports_repo
    Function: pkgrepo.managed
        Name: deb http://deb.debian.org/debian stretch-backports main non-free contrib
      Result: True
     Comment: Configured package repo 'deb http://deb.debian.org/debian stretch-backports main non-free contrib'
     Started: 10:38:54.288880
    Duration: 1333.491 ms
     Changes:   
              ----------
              comps:
                  ----------
                  new:
                      - non-free
                      - contrib
                      - main
                  old:
                      - main
                      - contrib
                      - non-free
              line:
                  ----------
                  new:
                      # deb http://deb.debian.org/debian stretch-backports non-free contrib main
                  old:
                      #deb http://deb.debian.org/debian stretch-backports main contrib non-free

Summary for local
------------
Succeeded: 1 (changed=1)
Failed:    0
------------
Total states run:     1
Total run time:   1.333 s
```
```
root@96f3d5ca8779:/# cat /etc/apt/sources.list
# deb http://snapshot.debian.org/archive/debian/20190326T120000Z stretch main
deb http://deb.debian.org/debian stretch main
# deb http://snapshot.debian.org/archive/debian-security/20190326T120000Z stretch/updates main
deb http://security.debian.org/debian-security stretch/updates main
# deb http://snapshot.debian.org/archive/debian/20190326T120000Z stretch-updates main
deb http://deb.debian.org/debian stretch-updates main

# test
# test
```
```
root@96f3d5ca8779:/# cat /etc/apt/sources.list.d/stretch_backports.list
# deb http://deb.debian.org/debian stretch-backports non-free contrib main
```
It's OK on next apply.

### Versions Report
```
Salt Version:
           Salt: 2019.2.0
 
Dependency Versions:
           cffi: Not Installed
       cherrypy: Not Installed
       dateutil: 2.5.3
      docker-py: Not Installed
          gitdb: Not Installed
      gitpython: Not Installed
          ioflo: Not Installed
         Jinja2: 2.9.4
        libgit2: Not Installed
        libnacl: Not Installed
       M2Crypto: Not Installed
           Mako: Not Installed
   msgpack-pure: Not Installed
 msgpack-python: 0.4.8
   mysql-python: Not Installed
      pycparser: Not Installed
       pycrypto: 2.6.1
   pycryptodome: Not Installed
         pygit2: Not Installed
         Python: 2.7.13 (default, Sep 26 2018, 18:42:22)
   python-gnupg: Not Installed
         PyYAML: 3.12
          PyZMQ: 16.0.2
           RAET: Not Installed
          smmap: Not Installed
        timelib: Not Installed
        Tornado: 4.4.3
            ZMQ: 4.2.1
 
System Versions:
           dist: debian 9.8 
         locale: ANSI_X3.4-1968
        machine: x86_64
        release: 4.9.0-8-amd64
         system: Linux
        version: debian 9.8
```
