### Description of Issue/Question

When attempting to run the following command: `sudo salt-ssh '*redhat5*' service.start salt-minion` against a centos5 salt-minion it just hangs. This works on centos 6 and 7. 

I can run this command just fine:

```
[root@salt-pkg-test cloud.profiles.d]# sudo salt-ssh '*redhat5*' service.stop salt-minion
ch3llrs_redhat5:
    True
```

But this command also hangs: `sudo salt-ssh '*redhat5*' cmd.run "salt-minion -d"`

The command is actually working, it just is not returning the status:

```
[root@salt-pkg-test cloud.profiles.d]# sudo salt-ssh '*redhat5*' service.stop salt-minion                              
ch3llrs_redhat5:
    True
[root@salt-pkg-test cloud.profiles.d]# sudo salt-ssh '*redhat5*' service.start salt-minion                             
^C
Exiting gracefully on Ctrl-c
Process Process-1:
Traceback (most recent call last):
  File "/usr/lib64/python2.7/multiprocessing/process.py", line 258, in _bootstrap
    self.run()
  File "/usr/lib64/python2.7/multiprocessing/process.py", line 114, in run
    self._target(*self._args, **self._kwargs)
  File "/usr/lib/python2.7/site-packages/salt/client/ssh/__init__.py", line 347, in handle_routine
    stdout, stderr, retcode = single.run()
  File "/usr/lib/python2.7/site-packages/salt/client/ssh/__init__.py", line 741, in run
    stdout, stderr, retcode = self.cmd_block()
  File "/usr/lib/python2.7/site-packages/salt/client/ssh/__init__.py", line 991, in cmd_block
    stdout, stderr, retcode = self.shim_cmd(cmd_str)
  File "/usr/lib/python2.7/site-packages/salt/client/ssh/__init__.py", line 947, in shim_cmd
    return self.shell.exec_cmd(cmd_str)
  File "/usr/lib/python2.7/site-packages/salt/client/ssh/shell.py", line 301, in exec_cmd
    ret = self._run_cmd(cmd)
  File "/usr/lib/python2.7/site-packages/salt/client/ssh/shell.py", line 369, in _run_cmd
    time.sleep(0.01)
KeyboardInterrupt
[root@salt-pkg-test cloud.profiles.d]# sudo salt-ssh '*redhat5*' service.status salt-minion                            
ch3llrs_redhat5:
    True
```
### Setup

/etc/salt/roster: `ch3ll_redhat5: {host: <ipaddress>, priv: /key, user: root}`
### Steps to Reproduce Issue
1. Install salt on a centos5 minion
2. Install salt-ssh on a separate box and add the centos5 minion to your roster
3. run command: `sudo salt-ssh '*redhat5*' service.start salt-minion` and it will hang
### Versions Report

```
[root@salt-pkg-test cloud.profiles.d]# salt --versions-report
Salt Version:
           Salt: 2015.8.8.2

Dependency Versions:
         Jinja2: 2.7.2
       M2Crypto: 0.21.1
           Mako: Not Installed
         PyYAML: 3.11
          PyZMQ: 14.7.0
         Python: 2.7.5 (default, Nov 20 2015, 02:00:19)
           RAET: Not Installed
        Tornado: 4.2.1
            ZMQ: 4.0.5
           cffi: Not Installed
       cherrypy: Not Installed
       dateutil: Not Installed
          gitdb: Not Installed
      gitpython: Not Installed
          ioflo: Not Installed
        libgit2: Not Installed
        libnacl: Not Installed
   msgpack-pure: Not Installed
 msgpack-python: 0.4.7
   mysql-python: Not Installed
      pycparser: Not Installed
       pycrypto: 2.6.1
         pygit2: Not Installed
   python-gnupg: Not Installed
          smmap: Not Installed
        timelib: Not Installed

System Versions:
           dist: centos 7.2.1511 Core
        machine: x86_64
        release: 3.10.0-327.4.5.el7.x86_64
         system: CentOS Linux 7.2.1511 Core
```
