### Description of Issue/Question
On 2017.7.0 when running `salt-call --local sys.doc none` or `salt-call --local sys.doc aliases.list_aliases` on raspberry pi I get errors/warnings. Commands seems to run fine. Other `salt-call --local` commands runs fine without the warning/error.
I see this:
```
[ERROR   ] Failed to import module sensehat, this is due most likely to a syntax error:
Traceback (most recent call last):
  File "/usr/lib/python2.7/dist-packages/salt/loader.py", line 1411, in _load_module
    mod = imp.load_module(mod_namespace, fn_, fpath, desc)
  File "/usr/lib/python2.7/dist-packages/salt/modules/sensehat.py", line 26, in <module>
    _sensehat = SenseHat()
  File "/usr/lib/python2.7/dist-packages/sense_hat/sense_hat.py", line 36, in __init__
    raise OSError('Cannot detect %s device' % self.SENSE_HAT_FB_NAME)
OSError: Cannot detect RPi-Sense FB device
```
### Setup
Raspberry pi machine with salt 2017.7.0

### Steps to Reproduce Issue
```
root@raspberrypi:/home/pi# salt-call --local sys.doc none
[ERROR   ] Failed to import module sensehat, this is due most likely to a syntax error:
Traceback (most recent call last):
  File "/usr/lib/python2.7/dist-packages/salt/loader.py", line 1411, in _load_module
    mod = imp.load_module(mod_namespace, fn_, fpath, desc)
  File "/usr/lib/python2.7/dist-packages/salt/modules/sensehat.py", line 26, in <module>
    _sensehat = SenseHat()
  File "/usr/lib/python2.7/dist-packages/sense_hat/sense_hat.py", line 36, in __init__
    raise OSError('Cannot detect %s device' % self.SENSE_HAT_FB_NAME)
OSError: Cannot detect RPi-Sense FB device
local:
    ----------
root@raspberrypi:/home/pi# salt-call --local sys.doc aliases.list_aliases
[ERROR   ] Failed to import module sensehat, this is due most likely to a syntax error:
Traceback (most recent call last):
  File "/usr/lib/python2.7/dist-packages/salt/loader.py", line 1411, in _load_module
    mod = imp.load_module(mod_namespace, fn_, fpath, desc)
  File "/usr/lib/python2.7/dist-packages/salt/modules/sensehat.py", line 26, in <module>
    _sensehat = SenseHat()
  File "/usr/lib/python2.7/dist-packages/sense_hat/sense_hat.py", line 36, in __init__
    raise OSError('Cannot detect %s device' % self.SENSE_HAT_FB_NAME)
OSError: Cannot detect RPi-Sense FB device
local:
    ----------
    aliases.list_aliases:
        
            Return the aliases found in the aliases file in this format::
        
                {'alias': 'target'}
        
            CLI Example:
        
                salt '*' aliases.list_aliases
            
root@raspberrypi:/home/pi# 
```

Other salt-call commands don't give it:
```
root@raspberrypi:/home/pi# salt-call --local test.version
local:
    2017.7.0
root@raspberrypi:/home/pi# salt-call --local grains.item os
local:
    ----------
    os:
        Raspbian
root@raspberrypi:/home/pi# salt-call --local state.sls test
local:
----------
          ID: echo
    Function: cmd.run
        Name: echo 'This is a test!'
      Result: True
     Comment: Command "echo 'This is a test!'" run
     Started: 16:37:04.567196
    Duration: 43.092 ms
     Changes:   
              ----------
              pid:
                  22104
              retcode:
                  0
              stderr:
              stdout:
                  This is a test!

Summary for local
------------
Succeeded: 1 (changed=1)
Failed:    0
------------
Total states run:     1
Total run time:  43.092 ms
root@raspberrypi:/home/pi# 
```

### Versions Report
```
Salt Version:
           Salt: 2017.7.0
 
Dependency Versions:
           cffi: Not Installed
       cherrypy: 3.5.0
       dateutil: 2.2
      docker-py: Not Installed
          gitdb: 0.5.4
      gitpython: 0.3.2 RC1
          ioflo: Not Installed
         Jinja2: 2.7.3
        libgit2: Not Installed
        libnacl: Not Installed
       M2Crypto: Not Installed
           Mako: Not Installed
   msgpack-pure: Not Installed
 msgpack-python: 0.4.2
   mysql-python: 1.2.3
      pycparser: Not Installed
       pycrypto: 2.6.1
   pycryptodome: Not Installed
         pygit2: Not Installed
         Python: 2.7.9 (default, Mar  8 2015, 00:52:26)
   python-gnupg: Not Installed
         PyYAML: 3.11
          PyZMQ: 14.4.0
           RAET: Not Installed
          smmap: 0.8.2
        timelib: Not Installed
        Tornado: 4.2.1
            ZMQ: 4.0.5
 
System Versions:
           dist: debian 8.0 
         locale: UTF-8
        machine: armv7l
        release: 4.1.19-v7+
         system: Linux
        version: debian 8.0 
```
