After seeing #16165 taken care, it did seem custom modules could be used within
an SLS. Apparently we are very close.

For this test, the file custom_module.sls was created under srv, our override_test.py
copied to srv/_modules and the following commands issued:

``` bash

$ cat srv/custom_module.sls
regular-module:
  module.run:
    - name: test.echo
    - text: hello

custom-module:
  module.run:
    - name: test.recho
    - text: hello


$ salt-ssh localhost test.recho hello
localhost:
    olleh


$ salt-call state.sls custom_module
[INFO    ] Loading fresh modules for state activity
[INFO    ] Fetching file from saltenv 'base', ** skipped ** latest already in cache 'salt://custom_module.sls'
[INFO    ] Running state [test.echo] at time 22:03:20.535177
[INFO    ] Executing state module.run for test.echo
[INFO    ] {'ret': 'hello'}
[INFO    ] Completed state [test.echo] at time 22:03:20.535916
[INFO    ] Running state [test.recho] at time 22:03:20.536124
[INFO    ] Executing state module.run for test.recho
[INFO    ] {'ret': 'olleh'}
[INFO    ] Completed state [test.recho] at time 22:03:20.536844
local:
----------
          ID: regular-module
    Function: module.run
        Name: test.echo
      Result: True
     Comment: Module function test.echo executed
     Started: 22:03:20.535177
    Duration: 0.739 ms
     Changes:
              ----------
              ret:
                  hello
----------
          ID: custom-module
    Function: module.run
        Name: test.recho
      Result: True
     Comment: Module function test.recho executed
     Started: 22:03:20.536124
    Duration: 0.72 ms
     Changes:
              ----------
              ret:
                  olleh

Summary
------------
Succeeded: 2 (changed=2)
Failed:    0
------------
Total states run:     2


$ salt-ssh localhost state.sls custom_module
localhost:
----------
          ID: regular-module
    Function: module.run
        Name: test.echo
      Result: True
     Comment: Module function test.echo executed
     Started: 21:42:49.076897
    Duration: 0.575 ms
     Changes:
              ----------
              ret:
                  hello
----------
          ID: custom-module
    Function: module.run
        Name: test.recho
      Result: False
     Comment: Module function test.recho is not available
     Started: 21:42:49.077613
    Duration: 0.409 ms
     Changes:

Summary
------------
Succeeded: 1 (changed=1)
Failed:    1
------------
Total states run:     2


$ salt-ssh --version
salt-ssh 2014.7.0rc2-497-gcc2b7ed (Helium)
```
