The SaltStack YUM repos provide outdated copies of psutil. As a result, provided that EPEL is present (and EPEL is installed by salt-bootstrap unless `-r` is passed to the bootstrap script), these outdated versions get ignored in favor of the newer versions.

My guess is that psutil is only one of many. It would be worth auditing what versions of upstream packages SaltStack provides, and bringing the EL7/EL8 repos up-to-date. Many companies (mine included) do not enable EPEL, in favor of locally-mirrored repos. We don't mirror EPEL, but we do mirror SaltStack's repos. If SaltStack is going to provide the full depchain in their repos, it should be as close to upstream as possible.

#### RHEL/CentOS 7

EPEL provides 5.6.7, but SaltStack provides 2.2.1 (!!!).

```
[root@a2f1325f3bba /]# yum --quiet --showduplicates repository-packages epel list available 'python*-psutil'
Available Packages
python2-psutil.x86_64                                   5.6.7-1.el7                                   epel
python34-psutil.x86_64                                  5.6.7-1.el7                                   epel
python36-psutil.x86_64                                  5.6.7-1.el7                                   epel
[root@a2f1325f3bba /]# yum --quiet --showduplicates repository-packages saltstack list available 'python*-psutil'
Available Packages
python36-psutil.x86_64                                2.2.1-3.el7                                saltstack
[root@a2f1325f3bba /]# rpm -qa | grep psutil
python36-psutil-5.6.7-1.el7.x86_64
```

#### RHEL/CentOS 8

EPEL provides 5.6.3, Salt provides 5.4.3.

```
[root@d8d2b3b1c9e8 /]# yum --quiet --showduplicates repository-packages epel list available 'python*-psutil'
Failed to set locale, defaulting to C.UTF-8
Available Packages
python2-psutil.x86_64                                   5.6.3-6.el8                                   epel
python3-psutil.x86_64                                   5.6.3-5.el8                                   epel
[root@d8d2b3b1c9e8 /]# yum --quiet --showduplicates repository-packages saltstack list available 'python*-psutil'
Failed to set locale, defaulting to C.UTF-8
Available Packages
python3-psutil.x86_64                                5.4.3-8.el8                                 saltstack
[root@d8d2b3b1c9e8 /]# rpm -qa | grep psutil
python3-psutil-5.6.3-5.el8.x86_64
```