### Description of Issue/Question
Hi, I have an issue with file.directory state, the dir_mode is recurse to sub_dir and files without mode being specified in recurse parameter

According to [Saltstack Document](https://docs.saltstack.com/en/latest/ref/states/all/salt.states.file.html#salt.states.file.directory), mode should not recurse if it's not defined

### Setup
```
[root@localhost salttest]# pwd
/tmp/salttest
[root@localhost salttest]# tree -up .
.
 [drwxr-xr-x root    ]  dir_one
    [drwxr-xr-x root    ]  dir_two
        [-rw-r--r-- root    ]  testfile.txt
 [-rw-r--r-- root    ]  file_perm.sls
 [-rw-r--r-- root    ]  top.sls

2 directories, 3 files

[root@localhost salttest]# cat file_perm.sls
/tmp/salttest/dir_one:
  file.directory:
    - user: root
    - group: root
    - mode: 755
    - recurse:
      - user
      - group

/tmp/salttest/dir_one/dir_two:
  file.directory:
    - user: root
    - group: root
    - mode: 755
    - makedirs: True
```

### Steps to Reproduce Issue
```
[root@localhost salttest]# salt-call --local --file-root=/tmp/salttest/ state.apply test=True file_perm
local:
----------
          ID: /tmp/salttest/dir_one
    Function: file.directory
      Result: None
     Comment: The following files will be changed:
              /tmp/salttest/dir_one/dir_two/testfile.txt: mode - 0755
     Started: 14:24:25.752071
    Duration: 6.556 ms
     Changes:
----------
          ID: /tmp/salttest/dir_one/dir_two
    Function: file.directory
      Result: True
     Comment: The directory /tmp/salttest/dir_one/dir_two is in the correct state
     Started: 14:24:25.758817
    Duration: 0.775 ms
     Changes:

Summary for local
------------
Succeeded: 2 (unchanged=1)
Failed:    0
------------
Total states run:     2
Total run time:   7.331 ms

```

### Versions Report
```
[root@localhost salttest]# salt-call --versions-report
Salt Version:
           Salt: 2019.2.0

Dependency Versions:
           cffi: Not Installed
       cherrypy: Not Installed
       dateutil: Not Installed
      docker-py: Not Installed
          gitdb: Not Installed
      gitpython: Not Installed
          ioflo: Not Installed
         Jinja2: 2.7.2
        libgit2: Not Installed
        libnacl: Not Installed
       M2Crypto: Not Installed
           Mako: Not Installed
   msgpack-pure: Not Installed
 msgpack-python: 0.4.6
   mysql-python: Not Installed
      pycparser: Not Installed
       pycrypto: 2.6.1
   pycryptodome: Not Installed
         pygit2: Not Installed
         Python: 2.7.5 (default, Apr 11 2018, 07:36:10)
   python-gnupg: Not Installed
         PyYAML: 3.10
          PyZMQ: 15.3.0
           RAET: Not Installed
          smmap: Not Installed
        timelib: Not Installed
        Tornado: 4.2.1
            ZMQ: 4.1.4

System Versions:
           dist: centos 7.5.1804 Core
         locale: UTF-8
        machine: x86_64
        release: 3.10.0-862.3.2.el7.x86_64
         system: Linux
        version: CentOS Linux 7.5.1804 Core
```