backgroup: I trying to use salt-ssh to install the salt-minion for client server in batch.

```
[root@localhost epel]# tree -f
.
 ./epel-release-6-8.noarch.rpm
 ./salt_install.sls

0 directories, 2 files
[root@localhost salt]# ls
epel  roster  salt
[root@localhost salt]# cat roster
web1:
  host:  10.20.14.18
  user:  root
  passwd:  redhat
  port:  22
  timeout:  10
```

but test.ping   error belowfirst it can't found the host
the I try this

```
[root@localhost salt]# salt-ssh '*' test.ping
test:
    ----------
    retcode:
        1
    stderr:
        Traceback (most recent call last):
          File "/tmp/.root_c87ee6__salt/salt-call", line 2, in <module>
            from salt.scripts import salt_call
          File "/tmp/.root_c87ee6__salt/salt/__init__.py", line 44, in <module>
            from salt.utils import migrations
          File "/tmp/.root_c87ee6__salt/salt/utils/__init__.py", line 102, in <module>
            import salt.payload
          File "/tmp/.root_c87ee6__salt/salt/payload.py", line 14, in <module>
            import salt.crypt
          File "/tmp/.root_c87ee6__salt/salt/crypt.py", line 32, in <module>
            import salt.minion
          File "/tmp/.root_c87ee6__salt/salt/minion.py", line 60, in <module>
            import salt.client
          File "/tmp/.root_c87ee6__salt/salt/client/__init__.py", line 38, in <module>
            import salt.utils.event
          File "/tmp/.root_c87ee6__salt/salt/utils/event.py", line 74, in <module>
            import salt.state
          File "/tmp/.root_c87ee6__salt/salt/state.py", line 29, in <module>
            import salt.pillar
          File "/tmp/.root_c87ee6__salt/salt/pillar/__init__.py", line 14, in <module>
            import salt.fileclient
          File "/tmp/.root_c87ee6__salt/salt/fileclient.py", line 13, in <module>
            import requests
          File "/tmp/.root_c87ee6__salt/requests/__init__.py", line 52, in <module>
            from . import utils
          File "/tmp/.root_c87ee6__salt/requests/utils.py", line 23, in <module>
            from .compat import parse_http_list as _parse_list_header
          File "/tmp/.root_c87ee6__salt/requests/compat.py", line 96, in <module>
            from ordereddict import OrderedDict
        ImportError: No module named ordereddict
    stdout:
```

SadlyI try this command but return OKlike this

```
[root@localhost salt]# salt-ssh '*' -r "free -m"
test:
    ----------
    retcode:
        0
    stderr:

    stdout:
        root@10.20.14.18's password:
                     total       used       free     shared    buffers     cached
        Mem:           490        135        355          0         10         44
        -/+ buffers/cache:         80        410
        Swap:          991          0        991
```

this my epel_install.sls

```
  [root@localhost epel]# cat salt_install.sls
epel_install:
  file.managed:
    - name:  /tmp/epel-release-6-8.noarch.rpm
    - source: salt://epel/epel-release-6-8.noarch.rpm
    - user: root
    - group: root

  cmd.run:
    - name: rpm -ivh /tmp/epel-release-6-8.noarch.rpm
    - unless: test -f /etc/yum.repos.d/epel.repo
    - require:
     - file: epel_install   
  chche_yum:
    cmd.run:
      - name: yum makecache
      - require:
        - file: epel_install
  salt_install:
    pkg.installed:
      - name: salt-minion
      - require:
        - file: epel_install
```

but I try to excute it reward ERROR below

```
[root@localhost epel]# salt-ssh '*' state.sls epel_install.sls
test:
    ----------
    _caller_cachedir:
        /var/cache/salt/master
    _error:
        Failed to return clean data
    _ssh_version:
        5.3p1
    ext_pillar:
    file_roots:
        ----------
        base:
            - /srv/salt
    id:
        test
    pillar_roots:
        ----------
        base:
            - /srv/pillar
    stderr:
        Traceback (most recent call last):
          File "/tmp/.root_c87ee6__salt/salt-call", line 2, in <module>
            from salt.scripts import salt_call
          File "/tmp/.root_c87ee6__salt/salt/__init__.py", line 44, in <module>
            from salt.utils import migrations
          File "/tmp/.root_c87ee6__salt/salt/utils/__init__.py", line 102, in <module>
            import salt.payload
          File "/tmp/.root_c87ee6__salt/salt/payload.py", line 14, in <module>
            import salt.crypt
          File "/tmp/.root_c87ee6__salt/salt/crypt.py", line 32, in <module>
            import salt.minion
          File "/tmp/.root_c87ee6__salt/salt/minion.py", line 60, in <module>
            import salt.client
          File "/tmp/.root_c87ee6__salt/salt/client/__init__.py", line 38, in <module>
            import salt.utils.event
          File "/tmp/.root_c87ee6__salt/salt/utils/event.py", line 74, in <module>
            import salt.state
          File "/tmp/.root_c87ee6__salt/salt/state.py", line 29, in <module>
            import salt.pillar
          File "/tmp/.root_c87ee6__salt/salt/pillar/__init__.py", line 14, in <module>
            import salt.fileclient
          File "/tmp/.root_c87ee6__salt/salt/fileclient.py", line 13, in <module>
            import requests
          File "/tmp/.root_c87ee6__salt/requests/__init__.py", line 52, in <module>
            from . import utils
          File "/tmp/.root_c87ee6__salt/requests/utils.py", line 23, in <module>
            from .compat import parse_http_list as _parse_list_header
          File "/tmp/.root_c87ee6__salt/requests/compat.py", line 96, in <module>
            from ordereddict import OrderedDict
        ImportError: No module named ordereddict
    stdout:
```

isn't cause by python?
