**Description**
Always got 401 from rest_cherrypy, event with good username-password

**Setup**
root@debian-mon:/home/debian# passwd bino
New password: 
Retype new password: 
passwd: password updated successfully

root@debian-mon:/home/debian# salt -a pam --username=bino --password=binosalt \* test.ping
debian-mon.novalocal:
    True

root@debian-mon:/home/debian# cat /etc/salt/master.d/salt-api.conf 
external_auth:
  pam:
    bino:
    - .*


rest_cherrypy:
  port: 8080
  host: 127.0.0.1
  ssl_crt: /etc/pki/tls/certs/localhost.crt
  ssl_key: /etc/pki/tls/certs/localhost.key

**Steps to Reproduce the behavior**
(Include debug logs if possible and relevant)


TEST :
root@debian-mon:/home/debian# curl -sSk https://localhost:8080/login \
>     -H 'Accept: application/x-yaml' \
>     -d username=bino \
>     -d password=binosalt \
>     -d external_auth=pam
<!DOCTYPE html PUBLIC
"-//W3C//DTD XHTML 1.0 Transitional//EN"
"http://www.w3.org/TR/xhtml1/DTD/xhtml1-transitional.dtd">
<html>
<head>
    <meta http-equiv="Content-Type" content="text/html; charset=utf-8"></meta>
    <title>401 Unauthorized</title>
    <style type="text/css">
    #powered_by {
        margin-top: 20px;
        border-top: 2px solid black;
        font-style: italic;
    }

    #traceback {
        color: red;
    }
    </style>
</head>
    <body>
        <h2>401 Unauthorized</h2>
        <p>Could not authenticate using provided credentials</p>
        <pre id="traceback"></pre>
    <div id="powered_by">
      <span>
        Powered by <a href="http://www.cherrypy.org">CherryPy 18.6.0</a>
      </span>
    </div>
    </body>
</html>


salt-api debug msg :
[INFO    ] [api_acl] Authentication not checked for user bino from IP 127.0.0.1
[DEBUG   ] Initializing new AsyncZeroMQReqChannel for ('/etc/salt/pki/master', 'debian-mon.novalocal_master', 'tcp://127.0.0.1:4506', 'clear')
[DEBUG   ] Connecting the Minion to the Master URI (for the return server): tcp://127.0.0.1:4506
[DEBUG   ] Trying to connect to: tcp://127.0.0.1:4506
[DEBUG   ] Closing AsyncZeroMQReqChannel instance
[INFO    ] 127.0.0.1 - - [09/Oct/2020:11:31:36] "POST /login HTTP/1.1" 401 761 "" "curl/7.64.0"

salt-master debug msg :
[WARNING ] Authentication failure of type "eauth" occurred.
[WARNING ] Authentication failure of type "eauth" occurred.
[DEBUG   ] Performing fileserver updates for items with an update interval of 60
[DEBUG   ] Updating roots fileserver cache
[DEBUG   ] Completed fileserver updates for items with an update interval of 60, waiting 60 seconds



**Expected behavior**
Give an REST access token

**Versions Report**
<details><summary>salt --versions-report</summary>
(Provided by running salt --versions-report. Please also mention any differences in master/minion versions.) 

```
root@debian-mon:/home/debian# salt --versions-report
Salt Version:
           Salt: 3001-n/a-95b4f6d
 
Dependency Versions:
           cffi: 1.14.3
       cherrypy: unknown
       dateutil: Not Installed
      docker-py: Not Installed
          gitdb: Not Installed
      gitpython: Not Installed
         Jinja2: 2.11.2
        libgit2: Not Installed
       M2Crypto: Not Installed
           Mako: Not Installed
   msgpack-pure: Not Installed
 msgpack-python: 1.0.0
   mysql-python: Not Installed
      pycparser: 2.20
       pycrypto: 2.6.1
   pycryptodome: 3.9.8
         pygit2: Not Installed
         Python: 3.7.3 (default, Jul 25 2020, 13:03:44)
   python-gnupg: Not Installed
         PyYAML: 5.3.1
          PyZMQ: 19.0.2
          smmap: Not Installed
        timelib: Not Installed
        Tornado: 4.5.3
            ZMQ: 4.3.2
 
System Versions:
           dist: debian 10 buster
         locale: UTF-8
        machine: x86_64
        release: 4.19.0-10-cloud-amd64
         system: Linux
        version: Debian GNU/Linux 10 buster

also :
root@debian-mon:/home/debian# python3
Python 3.7.3 (default, Jul 25 2020, 13:03:44) 
[GCC 8.3.0] on linux
Type "help", "copyright", "credits" or "license" for more information.
>>> import cherrypy
>>> cherrypy.__version__
'18.6.0'

```
</details>

Sincerely
-bino-