Hello there,

We've come across a problem when syncing the YUM RHEL6 repo at repo.saltstack.com to our local repo server. The packages _zeromq-devel-4.0.5-4.el6.i686.rpm_ and _zeromq-devel-4.0.5-4.el6.i686.rpm_ failed to synchronize. The cause for this seems to be mismatching metadata.

Currently available are the following two rpms:
- zeromq-devel-**4.0.5-1**.el6.i686.rpm
- zeromq-devel-**4.0.5-1**.el6.x86_64.rpm

The metadata however lists:
- zeromq-devel-**4.0.5-4**.el6.i686.rpm
- zeromq-devel-**4.0.5-4**.el6.x86_64.rpm

The following few commands show our proceeding:
- Initiating the repo sync:

```
lpm@cricetus: ~ $ reposync --config=/usr/local/zhaw/app/reposerver/conf/centos6/yum.conf --repoid=saltstack --download_path=/var/www/html/repo/centos/x86_64/6/2015-12-04
saltstack                                                                                                                              | 2.9 kB     00:00     
[saltstack: 1     of 119   ] Skipping existing PyYAML-3.11-1.el6.i686.rpm
[saltstack: 2     of 119   ] Skipping existing PyYAML-3.11-1.el6.x86_64.rpm

...

[saltstack: 118   of 119   ] Downloading zeromq-devel-4.0.5-4.el6.i686.rpm
Could not retrieve package zeromq-devel-4.0.5-4.el6.i686. Error was failure: zeromq-devel-4.0.5-4.el6.i686.rpm from saltstack: [Errno 256] No more mirrors to try.
[saltstack: 119   of 119   ] Downloading zeromq-devel-4.0.5-4.el6.x86_64.rpm
Could not retrieve package zeromq-devel-4.0.5-4.el6.x86_64. Error was failure: zeromq-devel-4.0.5-4.el6.x86_64.rpm from saltstack: [Errno 256] No more mirrors to try.
```
- Showing packages in repo:

```
lpm@cricetus: ~ $ curl http://repo.saltstack.com/yum/rhel6/ | grep -E 'zeromq-devel-'
  % Total    % Received % Xferd  Average Speed   Time    Time     Time  Current
                                 Dload  Upload   Total   Spent    Left  Speed
100 32431    0 32431    0     0  73427      0 --:--:-- --:--:-- --:--:-- 73706
<tr><td valign="top"><img src="/icons/unknown.gif" alt="[   ]"></td><td><a href="zeromq-devel-4.0.5-1.el6.i686.rpm">zeromq-devel-4.0.5-1.el6.i686.rpm</a></td><td align="right">2015-10-15 15:54  </td><td align="right">107K</td><td>&nbsp;</td></tr>
<tr><td valign="top"><img src="/icons/unknown.gif" alt="[   ]"></td><td><a href="zeromq-devel-4.0.5-1.el6.x86_64.rpm">zeromq-devel-4.0.5-1.el6.x86_64.rpm</a></td><td align="right">2015-10-15 15:54  </td><td align="right">107K</td><td>&nbsp;</td></tr>
```
- Showing packages in metadata:

```
lpm@cricetus: /tmp $ wget http://repo.saltstack.com/yum/rhel6/repodata/e3085c99e53cc5184a23f016a9041c1b4a7542b570c527da637ae34788600dbb-primary.xml.gz
2015-12-07 08:01:55 URL:http://repo.saltstack.com/yum/rhel6/repodata/e3085c99e53cc5184a23f016a9041c1b4a7542b570c527da637ae34788600dbb-primary.xml.gz [32239/32239] -> "e3085c99e53cc5184a23f016a9041c1b4a7542b570c527da637ae34788600dbb-primary.xml.gz" [1]
lpm@cricetus: /tmp $ gunzip e3085c99e53cc5184a23f016a9041c1b4a7542b570c527da637ae34788600dbb-primary.xml.gz 
lpm@cricetus: /tmp $ cat /tmp/e3085c99e53cc5184a23f016a9041c1b4a7542b570c527da637ae34788600dbb-primary.xml | grep -E 'zeromq-devel-'
  <location href="zeromq-devel-4.0.5-4.el6.i686.rpm"/>
  <location href="zeromq-devel-4.0.5-4.el6.x86_64.rpm"/>
```

Cheers,
Stefan
