I met a strange issue. Running a same command again without waiting for it completed and only cancelled by 'ctrl + c', the minion seems dead.
# 
# master

```
[root@ip-10-122-198-178 tomcat]# netstat -ant|grep 42.121.15.18
tcp        0      0 10.122.198.178:4506         42.121.15.18:35823        ESTABLISHED
tcp        0      0 10.122.198.178:4505         42.121.15.18:43393        ESTABLISHED
[root@ip-10-122-198-178 tomcat]# salt 'ay-xiaomai-hz-01' state.sls aliyun.tomcat
ay-xiaomai-hz-01:
    Data failed to compile:
    The function "state.sls" is running as PID 14562 and was started at 2013, Aug 14 03:03:27.577501 with jid 20130814030327577501
[root@ip-10-122-198-178 tomcat]# netstat -ant|grep 42.121.15.18
tcp        0      0 10.122.198.178:4506         42.121.15.18:35823        ESTABLISHED
tcp        0      0 10.122.198.178:4505         42.121.15.18:43393        ESTABLISHED
[root@ip-10-122-198-178 tomcat]# salt-run jobs.lookup_jid 20130814030327577501
[root@ip-10-122-198-178 tomcat]#
[root@ip-10-122-198-178 tomcat]# salt-run jobs.lookup_jid 20130814030327577501
```
# 
# minion

```
[root@ay-xiaomai-hz-01 ~]#
[root@ay-xiaomai-hz-01 ~]# ps axww|grep salt
 4774 ?        Sl     0:01 /usr/bin/python2.6 /usr/bin/salt-minion -d
14562 ?        Sl     0:00 /usr/bin/python2.6 /usr/bin/salt-minion -d
16916 pts/8    S+     0:00 grep salt
[root@ay-xiaomai-hz-01 ~]# tail /var/log/salt/minion
[root@ay-xiaomai-hz-01 ~]#
[root@ay-xiaomai-hz-01 ~]# tail /var/log/salt/minion
[root@ay-xiaomai-hz-01 ~]#
```
