### Description of Issue/Question

When trying to use the '-T' option to salt, the generated salt_token prevents any commands from running.
### Setup

(Please provide relevant configs and/or SLS files (Be sure to remove sensitive info).)

```
external_auth:
  pam:
    shajducko:
      - 'I@role:provserver':
        - test.*
```
### Steps to Reproduce Issue

```
[shajducko@itmlabsaltdev00 ~]$ ls -l ~
total 0

[shajducko@itmlabsaltdev00 ~]$ salt -a pam \*prov\* test.ping
username: shajducko
password:
itmlabprovdev01.corplab.intuit.net:
    True

[shajducko@itmlabsaltdev00 ~]$ salt -a pam -T \*prov\* test.ping
username: shajducko
password:
[CRITICAL] Could not deserialize msgpack message: Some exception handling minion payloadThis often happens when trying to read a file not in binary mode.Please open an issue and include the following error: unpack(b) received extra data.
[ERROR   ] Uncaught exception, closing connection.
Traceback (most recent call last):
  File "/usr/lib64/python2.6/site-packages/zmq/eventloop/zmqstream.py", line 407, in _run_callback
    callback(*args, **kwargs)
  File "/usr/lib64/python2.6/site-packages/tornado/stack_context.py", line 274, in null_wrapper
    return fn(*args, **kwargs)
  File "/usr/lib/python2.6/site-packages/salt/transport/zeromq.py", line 881, in mark_future
    future.set_result(self.serial.loads(msg[0]))
  File "/usr/lib/python2.6/site-packages/salt/payload.py", line 117, in loads
    return msgpack.loads(msg, use_list=True)
  File "msgpack/_unpacker.pyx", line 142, in msgpack._unpacker.unpackb (msgpack/_unpacker.cpp:142)
ExtraData: unpack(b) received extra data.
[ERROR   ] Uncaught exception, closing connection.
Traceback (most recent call last):
  File "/usr/lib64/python2.6/site-packages/zmq/eventloop/zmqstream.py", line 433, in _handle_events
    self._handle_recv()
  File "/usr/lib64/python2.6/site-packages/zmq/eventloop/zmqstream.py", line 465, in _handle_recv
    self._run_callback(callback, msg)
  File "/usr/lib64/python2.6/site-packages/zmq/eventloop/zmqstream.py", line 407, in _run_callback
    callback(*args, **kwargs)
  File "/usr/lib64/python2.6/site-packages/tornado/stack_context.py", line 274, in null_wrapper
    return fn(*args, **kwargs)
  File "/usr/lib/python2.6/site-packages/salt/transport/zeromq.py", line 881, in mark_future
    future.set_result(self.serial.loads(msg[0]))
  File "/usr/lib/python2.6/site-packages/salt/payload.py", line 117, in loads
    return msgpack.loads(msg, use_list=True)
  File "msgpack/_unpacker.pyx", line 142, in msgpack._unpacker.unpackb (msgpack/_unpacker.cpp:142)
ExtraData: unpack(b) received extra data.
[ERROR   ] Exception in callback None
Traceback (most recent call last):
  File "/usr/lib64/python2.6/site-packages/tornado/ioloop.py", line 865, in start
    handler_func(fd_obj, events)
  File "/usr/lib64/python2.6/site-packages/tornado/stack_context.py", line 274, in null_wrapper
    return fn(*args, **kwargs)
  File "/usr/lib64/python2.6/site-packages/zmq/eventloop/zmqstream.py", line 433, in _handle_events
    self._handle_recv()
  File "/usr/lib64/python2.6/site-packages/zmq/eventloop/zmqstream.py", line 465, in _handle_recv
    self._run_callback(callback, msg)
  File "/usr/lib64/python2.6/site-packages/zmq/eventloop/zmqstream.py", line 407, in _run_callback
    callback(*args, **kwargs)
  File "/usr/lib64/python2.6/site-packages/tornado/stack_context.py", line 274, in null_wrapper
    return fn(*args, **kwargs)
  File "/usr/lib/python2.6/site-packages/salt/transport/zeromq.py", line 881, in mark_future
    future.set_result(self.serial.loads(msg[0]))
  File "/usr/lib/python2.6/site-packages/salt/payload.py", line 117, in loads
    return msgpack.loads(msg, use_list=True)
  File "msgpack/_unpacker.pyx", line 142, in msgpack._unpacker.unpackb (msgpack/_unpacker.cpp:142)
ExtraData: unpack(b) received extra data.
Salt request timed out. The master is not responding. If this error persists after verifying the master is up, worker_threads may need to be increased.

[shajducko@itmlabsaltdev00 ~]$ ls -l ~/salt_token
-rw------- 1 shajducko shajducko 32 Apr  8 17:01 /home/shajducko/salt_token

[shajducko@itmlabsaltdev00 ~]$ salt -a pam \*prov\* test.ping
[CRITICAL] Could not deserialize msgpack message: Some exception handling minion payloadThis often happens when trying to read a file not in binary mode.Please open an issue and include the following error: unpack(b) received extra data.
[ERROR   ] Uncaught exception, closing connection.
Traceback (most recent call last):
  File "/usr/lib64/python2.6/site-packages/zmq/eventloop/zmqstream.py", line 407, in _run_callback
    callback(*args, **kwargs)
  File "/usr/lib64/python2.6/site-packages/tornado/stack_context.py", line 274, in null_wrapper
    return fn(*args, **kwargs)
  File "/usr/lib/python2.6/site-packages/salt/transport/zeromq.py", line 881, in mark_future
    future.set_result(self.serial.loads(msg[0]))
  File "/usr/lib/python2.6/site-packages/salt/payload.py", line 117, in loads
    return msgpack.loads(msg, use_list=True)
  File "msgpack/_unpacker.pyx", line 142, in msgpack._unpacker.unpackb (msgpack/_unpacker.cpp:142)
ExtraData: unpack(b) received extra data.
[ERROR   ] Uncaught exception, closing connection.
Traceback (most recent call last):
  File "/usr/lib64/python2.6/site-packages/zmq/eventloop/zmqstream.py", line 433, in _handle_events
    self._handle_recv()
  File "/usr/lib64/python2.6/site-packages/zmq/eventloop/zmqstream.py", line 465, in _handle_recv
    self._run_callback(callback, msg)
  File "/usr/lib64/python2.6/site-packages/zmq/eventloop/zmqstream.py", line 407, in _run_callback
    callback(*args, **kwargs)
  File "/usr/lib64/python2.6/site-packages/tornado/stack_context.py", line 274, in null_wrapper
    return fn(*args, **kwargs)
  File "/usr/lib/python2.6/site-packages/salt/transport/zeromq.py", line 881, in mark_future
    future.set_result(self.serial.loads(msg[0]))
  File "/usr/lib/python2.6/site-packages/salt/payload.py", line 117, in loads
    return msgpack.loads(msg, use_list=True)
  File "msgpack/_unpacker.pyx", line 142, in msgpack._unpacker.unpackb (msgpack/_unpacker.cpp:142)
ExtraData: unpack(b) received extra data.
[ERROR   ] Exception in callback None
Traceback (most recent call last):
  File "/usr/lib64/python2.6/site-packages/tornado/ioloop.py", line 865, in start
    handler_func(fd_obj, events)
  File "/usr/lib64/python2.6/site-packages/tornado/stack_context.py", line 274, in null_wrapper
    return fn(*args, **kwargs)
  File "/usr/lib64/python2.6/site-packages/zmq/eventloop/zmqstream.py", line 433, in _handle_events
    self._handle_recv()
  File "/usr/lib64/python2.6/site-packages/zmq/eventloop/zmqstream.py", line 465, in _handle_recv
    self._run_callback(callback, msg)
  File "/usr/lib64/python2.6/site-packages/zmq/eventloop/zmqstream.py", line 407, in _run_callback
    callback(*args, **kwargs)
  File "/usr/lib64/python2.6/site-packages/tornado/stack_context.py", line 274, in null_wrapper
    return fn(*args, **kwargs)
  File "/usr/lib/python2.6/site-packages/salt/transport/zeromq.py", line 881, in mark_future
    future.set_result(self.serial.loads(msg[0]))
  File "/usr/lib/python2.6/site-packages/salt/payload.py", line 117, in loads
    return msgpack.loads(msg, use_list=True)
  File "msgpack/_unpacker.pyx", line 142, in msgpack._unpacker.unpackb (msgpack/_unpacker.cpp:142)
ExtraData: unpack(b) received extra data.
Salt request timed out. The master is not responding. If this error persists after verifying the master is up, worker_threads may need to be increased.

[shajducko@itmlabsaltdev00 ~]$ rm ~/salt_token

[shajducko@itmlabsaltdev00 ~]$ ls -l ~
total 0

[shajducko@itmlabsaltdev00 ~]$ salt -a pam \*prov\* test.ping
username: shajducko
password:
itmlabprovdev01.corplab.intuit.net:
    True
```
### Versions Report

(Provided by running `salt --versions-report`. Please also mention any differences in master/minion versions.)

```
Salt Version:
           Salt: 2016.3.0rc2

Dependency Versions:
         Jinja2: unknown
       M2Crypto: 0.20.2
           Mako: Not Installed
         PyYAML: 3.11
          PyZMQ: 14.5.0
         Python: 2.6.6 (r266:84292, Nov 21 2013, 10:50:32)
           RAET: Not Installed
        Tornado: 4.2.1
            ZMQ: 4.0.5
           cffi: Not Installed
       cherrypy: Not Installed
       dateutil: 1.4.1
          gitdb: Not Installed
      gitpython: Not Installed
          ioflo: Not Installed
        libgit2: Not Installed
        libnacl: Not Installed
   msgpack-pure: Not Installed
 msgpack-python: 0.4.6
   mysql-python: Not Installed
      pycparser: Not Installed
       pycrypto: 2.6.1
         pygit2: Not Installed
   python-gnupg: Not Installed
          smmap: Not Installed
        timelib: Not Installed

System Versions:
           dist: redhat 6.5 Santiago
        machine: x86_64
        release: 2.6.32-431.el6.x86_64
         system: Linux
        version: Red Hat Enterprise Linux Server 6.5 Santiago

```
