Hi,

seems like the `sysrc` exec-module is somewhat broken:

```
root@master:/srv/salt/iscsi-formula.git# salt freebsd-minion sysrc.get iscsid_flags
freebsd-minion:
    TypeError encountered executing sysrc.get: get() takes exactly 0 arguments (8 given). See debug log for more info.
root@master:/srv/salt/iscsi-formula.git# 
root@master:/srv/salt/iscsi-formula.git# salt freebsd-minion sysrc.get iscsictl_flags
freebsd-minion:
    TypeError encountered executing sysrc.get: get() takes exactly 0 arguments (8 given). See debug log for more info.
root@master:/srv/salt/iscsi-formula.git# salt freebsd-minion sysrc.get iscsid_enable 
freebsd-minion:
    TypeError encountered executing sysrc.get: get() takes exactly 0 arguments (8 given). See debug log for more info.
```

The state-function `sysrc.managed` works, but `sysrc.absent` causes errors, too:

```
root@master:/srv/salt/iscsi-formula.git# salt freebsd-minion state.sls iscsi.initiator   
freebsd-minion:
----------
          ID: /etc/iscsi.conf
    Function: file.managed
      Result: True
     Comment: File /etc/iscsi.conf is in the correct state
     Started: 17:09:15.107720
    Duration: 10.201 ms
     Changes:   
----------
          ID: iscsictl_flags
    Function: sysrc.absent
      Result: False
     Comment: An exception occurred in this state: Traceback (most recent call last):
                File "/usr/local/lib/python2.7/site-packages/salt/state.py", line 1563, in call
                  **cdata['kwargs'])
                File "/usr/local/lib/python2.7/site-packages/salt/states/sysrc.py", line 78, in absent
                  current_state = __salt__['sysrc.get'](name=name, **kwargs)
                File "/usr/local/lib/python2.7/site-packages/salt/modules/sysrc.py", line 65, in get
                  val = sysrc.split(': ')[2]
              IndexError: list index out of range
     Started: 17:09:15.122212
    Duration: 308.268 ms
     Changes:   
----------
[...]
```

Master on CentOS 6:

```
root@master:/srv/salt/iscsi-formula.git# salt-master --versions-report
           Salt: 2015.5.2
         Python: 2.6.6 (r266:84292, Jan 22 2014, 09:42:36)
         Jinja2: 2.2.1
       M2Crypto: 0.20.2
 msgpack-python: 0.4.6
   msgpack-pure: Not Installed
       pycrypto: 2.0.1
        libnacl: Not Installed
         PyYAML: 3.10
          ioflo: Not Installed
          PyZMQ: 14.3.1
           RAET: Not Installed
            ZMQ: 3.2.5
           Mako: Not Installed
```

Minion on FreeBSD 10.1-RELEASE-p14:

```
admin@freebsd-minion:~% salt-minion --versions-report
           Salt: 2015.5.2
         Python: 2.7.10 (default, Jul  5 2015, 01:15:55)
         Jinja2: 2.7.3
       M2Crypto: 0.22
 msgpack-python: 0.4.2
   msgpack-pure: Not Installed
       pycrypto: 2.6.1
        libnacl: Not Installed
         PyYAML: 3.11
          ioflo: Not Installed
          PyZMQ: 14.6.0
           RAET: Not Installed
            ZMQ: 4.1.2
           Mako: Not Installed
```
