In French 'Guest' is named 'Invité', so when listing users, we get an encoding error:

``` dos
C:\salt>salt-call --local user.list_users
[ERROR   ] An un-handled exception was caught by salt's global exception handler:
UnicodeEncodeError: 'ascii' codec can't encode character u'\xe9' in position 5: ordinal not in range(128)
Traceback (most recent call last):
  File "<string>", line 6, in <module>
  File "__main__.py", line 726, in <module>
  File "__main__.py", line 332, in bootstrap
  File "__main__.py", line 359, in chainload
  File "__main__.py", line 715, in _chainload
  File "__main__.py", line 128, in <module>
  File "__main__salt-call__.py", line 14, in <module>
  File "salt/scripts.py", line 82, in salt_call
  File "salt/cli/__init__.py", line 319, in run
  File "salt/cli/caller.py", line 148, in run
  File "salt/output/__init__.py", line 35, in display_output
  File "salt/output/nested.py", line 81, in output
  File "salt/output/nested.py", line 72, in display
  File "salt/output/nested.py", line 56, in display
  File "salt/output/nested.py", line 46, in display
UnicodeEncodeError: 'ascii' codec can't encode character u'\xe9' in position 5: ordinal not in range(128)
Traceback (most recent call last):
  File "<string>", line 6, in <module>
  File "__main__.py", line 726, in <module>
  File "__main__.py", line 332, in bootstrap
  File "__main__.py", line 359, in chainload
  File "__main__.py", line 715, in _chainload
  File "__main__.py", line 128, in <module>
  File "__main__salt-call__.py", line 14, in <module>
  File "salt/scripts.py", line 82, in salt_call
  File "salt/cli/__init__.py", line 319, in run
  File "salt/cli/caller.py", line 148, in run
  File "salt/output/__init__.py", line 35, in display_output
  File "salt/output/nested.py", line 81, in output
  File "salt/output/nested.py", line 72, in display
  File "salt/output/nested.py", line 56, in display
  File "salt/output/nested.py", line 46, in display
UnicodeEncodeError: 'ascii' codec can't encode character u'\xe9' in position 5: ordinal not in range(128)
```

When calling from an Unix master (in UTF-8), there is no problem:

``` bash
alex@salt-master:~$ sudo salt 'windows-minion' user.list_users
windows-minion:
    - Administrateur
    - alex
    - Invité
```

Changing the output format can make it (kind of) work on Windows:

``` dos
C:\salt>salt-call --local user.list_users --out=raw
{'local': [u'Administrateur', u'alex', u'Invit\xe9']}

C:\salt>salt-call --local user.list_users --out=yaml
local:
- !!python/unicode 'Administrateur'
- !!python/unicode 'alex'
- "Invit\xE9"

C:\salt>salt-call --local user.list_users --out=json
{
    "local": [
        "Administrateur",
        "alex",
        "Invit\u00e9"
    ]
}

C:\salt>salt-call --local user.list_users --out=pprint
{'local': [u'Administrateur',
           u'alex',
           u'Invit\xe9']}

C:\salt>salt-call --local user.list_users --out=txt
local: [u'Administrateur', u'alex', u'Invit\xe9']
```
