### Description of Issue/Question
I receive the following error every time I try to use the `manage.bootstrap` runner as [described in the documentation](https://docs.saltstack.com/en/latest/ref/runners/all/salt.runners.manage.html#salt.runners.manage.bootstrap).

```
$ salt-run manage.bootstrap hosts='host1.example.com,host2.example.com'
Exception occurred in runner manage.bootstrap: Traceback (most recent call last):
  File "/usr/lib/python2.7/dist-packages/salt/client/mixins.py", line 387, in _low
    data['return'] = self.functions[fun](*args, **kwargs)
  File "/usr/lib/python2.7/dist-packages/salt/runners/manage.py", line 824, in bootstrap
    salt.client.ssh.SSH(client_opts).run()
  File "/usr/lib/python2.7/dist-packages/salt/client/ssh/__init__.py", line 703, in run
    if self.opts['list_hosts']:
KeyError: 'list_hosts'
```

### Setup

Here is the output demonstrating I have a valid `/etc/salt/roster`:

```
$ cat /etc/salt/roster
host1.example.com:
  host: host1.example.com
  user: root
  priv: /root/.ssh/id_rsa

host2.example.com:
  host: host2.example.com
  user: root
  priv: /root/.ssh/id_rsa

$ salt-ssh '*' test.ping
host1.example.com:
    True
host2.example.com:
    True
```

### Steps to Reproduce Issue
Run the following command (with valid hosts and a valid roster):
```
salt-run manage.bootstrap hosts='host1.example.com,host2.example.com'
```

### Versions Report
```
$ salt-run --version
salt-run 2018.3.2 (Oxygen)
```

```
$ salt --versions-report
Salt Version:
           Salt: 2018.3.2
 
Dependency Versions:
           cffi: 1.5.2
       cherrypy: Not Installed
       dateutil: Not Installed
      docker-py: 3.3.0
          gitdb: 0.6.4
      gitpython: 1.0.1
          ioflo: Not Installed
         Jinja2: 2.8
        libgit2: Not Installed
        libnacl: Not Installed
       M2Crypto: 0.21.1
           Mako: Not Installed
   msgpack-pure: Not Installed
 msgpack-python: 0.4.6
   mysql-python: Not Installed
      pycparser: 2.14
       pycrypto: 2.6.1
   pycryptodome: Not Installed
         pygit2: Not Installed
         Python: 2.7.12 (default, Dec  4 2017, 14:50:18)
   python-gnupg: Not Installed
         PyYAML: 3.11
          PyZMQ: 15.2.0
           RAET: Not Installed
          smmap: 0.9.0
        timelib: Not Installed
        Tornado: 4.2.1
            ZMQ: 4.1.4
 
System Versions:
           dist: Ubuntu 16.04 xenial
         locale: UTF-8
        machine: x86_64
        release: 4.4.0-124-generic
         system: Linux
        version: Ubuntu 16.04 xenial
```