### Description of Issue/Question
I followed this tutorial at https://docs.saltstack.com/en/latest/topics/tutorials/docker_sls.html
and failed at step of "salt-call --local dockerng.sls_build test base=my_base_image mods=vim"
### Setup
centos7t01 is both minion and master.
```
[root@centos7t01 ~]# salt-call state.show_sls vim
local:
    ----------
    vim:
        ----------
        __env__:
            base
        __sls__:
            vim
        pkg:
            - installed
            |_
              ----------
              order:
                  10000
[root@centos7t01 ~]#
[root@centos7t01 ~]# rpm -qa |grep docker
python-docker-py-1.7.2-1.el7.noarch
python-docker-scripts-0.4.4-1.el7.noarch
docker-engine-selinux-1.12.3-1.el7.centos.noarch
docker-engine-1.12.3-1.el7.centos.x86_64
[root@centos7t01 ~]#
[root@centos7t01 ~]# pip install docker-py
Requirement already satisfied: docker-py in /usr/lib/python2.7/site-packages
Requirement already satisfied: websocket-client>=0.32.0 in /usr/lib/python2.7/site-packages (from docker-py)
Requirement already satisfied: backports.ssl-match-hostname>=3.5; python_version < "3.5" in /usr/lib/python2.7/site-packages (from docker-py)
Requirement already satisfied: ipaddress>=1.0.16; python_version < "3.3" in /usr/lib/python2.7/site-packages (from docker-py)
Requirement already satisfied: six>=1.4.0 in /usr/lib/python2.7/site-packages (from docker-py)
Requirement already satisfied: requests!=2.11.0,>=2.5.2 in /usr/lib/python2.7/site-packages (from docker-py)
Requirement already satisfied: docker-pycreds>=0.2.1 in /usr/lib/python2.7/site-packages (from docker-py)
[root@centos7t01 ~]#
[root@centos7t01 ~]# python -c "import docker ; import docker.utils"
Traceback (most recent call last):
  File "<string>", line 1, in <module>
  File "/usr/lib/python2.7/site-packages/docker/__init__.py", line 20, in <module>
    from .client import Client, AutoVersionClient # flake8: noqa
  File "/usr/lib/python2.7/site-packages/docker/client.py", line 19, in <module>
    import requests
  File "/usr/lib/python2.7/site-packages/requests/__init__.py", line 64, in <module>
    from . import utils
  File "/usr/lib/python2.7/site-packages/requests/utils.py", line 29, in <module>
    from .exceptions import InvalidURL, InvalidHeader, FileModeWarning
ImportError: cannot import name InvalidHeader
[root@centos7t01 ~]#


```

### Steps to Reproduce Issue

```

[root@centos7t01 ~]# salt-call --local dockerng.sls_build test base=my_base_image mods=vim
[WARNING ] salt.loaded.int.module.zenoss.__virtual__() is wrongly returning `None`. It should either return `True`, `False` or a new name. If yoper of the module 'zenoss', please fix this.
'dockerng' __virtual__ returned False: Docker module could not get imported; You need to "pip install docker-py"
[root@centos7t01 ~]# salt-call --local dockerng.sls_build test base=my_base_image mods=vim
[WARNING ] salt.loaded.int.module.zenoss.__virtual__() is wrongly returning `None`. It should either return `True`, `False` or a new name. If you're the developer of the module 'zenoss', please fix this.
'dockerng' __virtual__ returned False: Docker module could not get imported; You need to "pip install docker-py"
[root@centos7t01 ~]# 
```
### Versions Report

```
[root@centos7t01 ~]# salt --versions-report
Salt Version:
           Salt: 2016.11.0

Dependency Versions:
           cffi: 1.5.2
       cherrypy: Not Installed
       dateutil: Not Installed
          gitdb: Not Installed
      gitpython: Not Installed
          ioflo: Not Installed
         Jinja2: 2.7.2
        libgit2: Not Installed
        libnacl: Not Installed
       M2Crypto: Not Installed
           Mako: Not Installed
   msgpack-pure: Not Installed
 msgpack-python: 0.4.8
   mysql-python: Not Installed
      pycparser: 2.14
       pycrypto: 2.6.1
         pygit2: Not Installed
         Python: 2.7.5 (default, Sep 15 2016, 22:37:39)
   python-gnupg: Not Installed
         PyYAML: 3.11
          PyZMQ: 15.3.0
           RAET: Not Installed
          smmap: Not Installed
        timelib: Not Installed
        Tornado: 4.2.1
            ZMQ: 4.1.4

System Versions:
           dist: centos 7.2.1511 Core
        machine: x86_64
        release: 3.10.0-327.36.3.el7.x86_64
         system: Linux
        version: CentOS Linux 7.2.1511 Core

[root@centos7t01 ~]#
```