```
# salt --versions-report
           Salt: 0.16.3
         Python: 2.7.3 (default, Apr 10 2013, 06:20:15)
         Jinja2: 2.6
       M2Crypto: 0.21.1
 msgpack-python: 0.1.10
   msgpack-pure: Not Installed
       pycrypto: 2.4.1
         PyYAML: 3.10
          PyZMQ: 13.0.0
            ZMQ: 3.2.2
```

```
# salt aminion test.versions_report
aminion:
               Salt: 0.16.3
             Python: 2.7.3 (default, Aug  1 2012, 05:14:39)
             Jinja2: 2.6
           M2Crypto: 0.21.1
     msgpack-python: 0.1.10
       msgpack-pure: Not Installed
           pycrypto: 2.4.1
             PyYAML: 3.10
              PyZMQ: 13.0.0
                ZMQ: 3.2.2

```

Seeing consistent connectivity issues:

```
$ sudo salt-call state.highstate
[INFO    ] Executing command 'ps -efH' in directory '/home/hank'
Traceback (most recent call last):
  File "/usr/bin/salt-call", line 11, in <module>
    salt_call()
  File "/usr/lib/pymodules/python2.7/salt/scripts.py", line 76, in salt_call
    client.run()
  File "/usr/lib/pymodules/python2.7/salt/cli/__init__.py", line 265, in run
    caller.run()
  File "/usr/lib/pymodules/python2.7/salt/cli/caller.py", line 132, in run
    ret = self.call()
  File "/usr/lib/pymodules/python2.7/salt/cli/caller.py", line 73, in call
    ret['return'] = func(*args, **kwargs)
  File "/usr/lib/pymodules/python2.7/salt/modules/state.py", line 198, in highstate
    st_ = salt.state.HighState(opts, pillar)
  File "/usr/lib/pymodules/python2.7/salt/state.py", line 2284, in __init__
    BaseHighState.__init__(self, opts)
  File "/usr/lib/pymodules/python2.7/salt/state.py", line 1641, in __init__
    self.avail = self.__gather_avail()
  File "/usr/lib/pymodules/python2.7/salt/state.py", line 1650, in __gather_avail
    avail[env] = self.client.list_states(env)
  File "/usr/lib/pymodules/python2.7/salt/fileclient.py", line 245, in list_states
    for path in self.file_list(env):
  File "/usr/lib/pymodules/python2.7/salt/fileclient.py", line 681, in file_list
    60)
  File "/usr/lib/pymodules/python2.7/salt/payload.py", line 174, in send
    self.socket.send(pkg)
  File "socket.pyx", line 530, in zmq.core.socket.Socket.send (zmq/core/socket.c:4943)
  File "socket.pyx", line 577, in zmq.core.socket.Socket.send (zmq/core/socket.c:4700)
  File "socket.pyx", line 174, in zmq.core.socket._send_copy (zmq/core/socket.c:1925)
  File "checkrc.pxd", line 23, in zmq.core.checkrc._check_rc (zmq/core/socket.c:5754)
zmq.error.ZMQError: Operation cannot be accomplished in current state

$ sudo salt-call state.highstate
Minion failed to authenticate with the master, has the minion key been accepted?

$ sudo salt-call state.highstate
Minion failed to authenticate with the master, has the minion key been accepted?

$ sudo salt-call state.highstate
[INFO    ] Executing command 'ps -efH' in directory '/home/hank'
Traceback (most recent call last):
  File "/usr/bin/salt-call", line 11, in <module>
    salt_call()
  File "/usr/lib/pymodules/python2.7/salt/scripts.py", line 76, in salt_call
    client.run()
  File "/usr/lib/pymodules/python2.7/salt/cli/__init__.py", line 265, in run
    caller.run()
  File "/usr/lib/pymodules/python2.7/salt/cli/caller.py", line 132, in run
    ret = self.call()
  File "/usr/lib/pymodules/python2.7/salt/cli/caller.py", line 73, in call
    ret['return'] = func(*args, **kwargs)
  File "/usr/lib/pymodules/python2.7/salt/modules/state.py", line 198, in highstate
    st_ = salt.state.HighState(opts, pillar)
  File "/usr/lib/pymodules/python2.7/salt/state.py", line 2284, in __init__
    BaseHighState.__init__(self, opts)
  File "/usr/lib/pymodules/python2.7/salt/state.py", line 1641, in __init__
    self.avail = self.__gather_avail()
  File "/usr/lib/pymodules/python2.7/salt/state.py", line 1650, in __gather_avail
    avail[env] = self.client.list_states(env)
  File "/usr/lib/pymodules/python2.7/salt/fileclient.py", line 245, in list_states
    for path in self.file_list(env):
  File "/usr/lib/pymodules/python2.7/salt/fileclient.py", line 681, in file_list
    60)
  File "/usr/lib/pymodules/python2.7/salt/payload.py", line 174, in send
    self.socket.send(pkg)
  File "socket.pyx", line 530, in zmq.core.socket.Socket.send (zmq/core/socket.c:4943)
  File "socket.pyx", line 577, in zmq.core.socket.Socket.send (zmq/core/socket.c:4700)
  File "socket.pyx", line 174, in zmq.core.socket._send_copy (zmq/core/socket.c:1925)
  File "checkrc.pxd", line 23, in zmq.core.checkrc._check_rc (zmq/core/socket.c:5754)
zmq.error.ZMQError: Operation cannot be accomplished in current state

$ sudo salt-call state.highstate
[INFO    ] Executing command 'ps -efH' in directory '/home/hank'
[INFO    ] Loading fresh modules for state activity
[INFO    ] Fetching file 'salt://top.sls'
...

```

Restarting the master doesn't seem to help, although I haven't been rigorous about testing that.

Once a minion successfully manages a highstate, it seems to for fine for a while, until it starts acting unauthenticated again.

I have also seen the "unauthenticated" message pop up in the middle of a highstate or right after the `ps -efH` line.
