### Description of Issue/Question

I have copied the test.py module from /usr/lib/python2.7/dist-packages/salt/modules and pasted it in /srv/salt/_modules with a different name. when i run salt '*' saltutil.sync_all, the output lists the module to be copied from salt master to salt minion but when i run the command it fails with unable to load module which can be seen in the minion log file.

```
root@vmSaltStackMaster:/srv/salt/_modules# 
root@vmSaltStackMaster:/srv/salt/_modules# salt '*' migrationConnect.ping
vmSaltStackAgent:
    Module 'migrationConnect' is not available.
root@vmSaltStackMaster:/srv/salt/_modules#
```

How can i import all the dependencies from the actual location to /srv/salt/_modules ?
### Setup

(Please provide relevant configs and/or SLS files (Be sure to remove sensitive info).)

on the salt master:

```
root@vmSaltStackMaster:/srv/salt/_modules# pwd
/srv/salt/_modules
root@vmSaltStackMaster:/srv/salt/_modules# ls -l
total 160
-rw-r--r-- 1 root root    121 Jul 11 12:28 customuser.py
-rw-r--r-- 1 root root  12462 Jul 21 15:12 migrationConnect.py
-rw-r--r-- 1 root root 136376 Jul 19 11:04 migrationFile.py
-rw-r--r-- 1 root root     52 Jul 21 13:58 migrationTest.py
root@vmSaltStackMaster:/srv/salt/_modules#
```

The module file is copied to minion when i run the sync_all command.
### Steps to Reproduce Issue

(Include debug logs if possible and relevant.)

on the minion, the log file shows the below error:

```
root@vmSaltStackAgent:~# tail -f /var/log/salt/minion
  File "/var/cache/salt/minion/extmods/modules/migrationPing.py", line 193, in <module>
    versions = salt.utils.alias_function(versions_report, 'versions')
AttributeError: 'module' object has no attribute 'alias_function'
2016-07-21 15:11:59,067 [salt.loader      ][ERROR   ][45283] Failed to import module migrationConnect, this is due most likely to a syntax error:
Traceback (most recent call last):
  File "/usr/local/lib/python2.7/dist-packages/salt/loader.py", line 958, in _load_module
    ), fn_, fpath, desc)
  File "/var/cache/salt/minion/extmods/modules/migrationConnect.py", line 193, in <module>
    versions = salt.utils.alias_function(versions_report, 'versions')
AttributeError: 'module' object has no attribute 'alias_function'
```
### Versions Report

(Provided by running `salt --versions-report`. Please also mention any differences in master/minion versions.)

`root@vmSaltStackMaster:/srv/salt/_modules# salt --versions-report
           Salt: 2015.5.3
         Python: 2.7.11 (default, Dec 15 2015, 16:46:19)
         Jinja2: 2.8
       M2Crypto: 0.21.1
 msgpack-python: 0.4.6
   msgpack-pure: Not Installed
       pycrypto: 2.6.1
        libnacl: Not Installed
         PyYAML: 3.11
          ioflo: Not Installed
          PyZMQ: 14.0.1
           RAET: Not Installed
            ZMQ: 4.0.4
           Mako: 0.9.1
        Tornado: 4.2.1
root@vmSaltStackMaster:/srv/salt/_modules#`
