Hi Guys,

Salt-Master running 0.17.2 RHEL 6.4 64bit
I'm creating a new minion using salt-cloud 0.8.11 in Amazon and sometimes (not consistence) just before the deploy script is deployed on the new instance I'm getting an error
"Assertion failed: get_load () == 0 (poller_base.cpp:32)"

at first I suspected that the deploy script is the problem,
but this error happens before it was copied to the new instance 

```
[root@ip-10-169-18-228 ~]# salt --versions-report
           Salt: 0.17.2
         Python: 2.6.6 (r266:84292, Jul 10 2013, 22:48:45)
         Jinja2: 2.2.1
       M2Crypto: 0.20.2
 msgpack-python: 0.1.13
   msgpack-pure: Not Installed
       pycrypto: 2.0.1
         PyYAML: 3.10
          PyZMQ: 2.2.0.1
            ZMQ: 3.2.4
```

```
[root@ip-10-169-18-228 ~]# cat /etc/salt/cloud.providers 
integration:
  id: XXXXXXXXXXXXXXX
  key: XXXXXXXXXXXXXXX
  private_key: /path/to/key/file
  keyname: integration
  provider: ec2
  ssh_interface: private_ips
  ssh_username: root
  location: us-east-1

[root@ip-10-169-18-228 ~]# cat /etc/salt/cloud.profiles 
srv:
  provider: integration
  image: ami-89d088e0
  size: m1.large
  securitygroup: integration
  script: /etc/salt/minion-rhel.sh
  del_root_vol_on_destroy: True
  minion:
    master: ip.of.master.instance
    grains:
      roles:
        - srv
```

```
[root@ip-10-169-18-228 ~]# cat /etc/salt/minion-rhel.sh
set -e
master="{{ vm['minion']['master'] }}"
wget http://"${master}"/yum/watchdox.repo -O /etc/yum.repos.d/watchdox.repo
yum --disablerepo=\* --enablerepo=Watchdox install salt-minion -y
mkdir -p /etc/salt/pki
echo '{{ vm['priv_key'] }}' > /etc/salt/pki/minion.pem
echo '{{ vm['pub_key'] }}' > /etc/salt/pki/minion.pub
echo "{{ minion }}" > /etc/salt/minion
chkconfig salt-minion on
service salt-minion restart
```

```
[root@ip-10-169-18-228 ~]# salt-cloud -p srv srv-cloud-test -l debug
[DEBUG   ] Missing configuration file: /etc/salt/cloud
[DEBUG   ] Reading configuration from /etc/salt/master
[DEBUG   ] Reading configuration from /etc/salt/cloud.providers
[DEBUG   ] Reading configuration from /etc/salt/cloud.profiles
[DEBUG   ] loading log_handlers in ['/srv/salt/global/extension_modules/log_handlers', '/usr/lib/python2.6/site-packages/salt/log/handlers']
[DEBUG   ] Skipping /srv/salt/global/extension_modules/log_handlers, it is not a directory
[DEBUG   ] None of the required configuration sections, 'logstash_udp_handler' and 'logstash_zmq_handler', were found the in the configuration. Not loading the Logstash logging handlers module.
[DEBUG   ] Configuration file path: /etc/salt/master
[INFO    ] salt-cloud starting
[DEBUG   ] loading cloud in ['/srv/salt/global/extension_modules/clouds', '/usr/lib/python2.6/site-packages/saltcloud/clouds']
[DEBUG   ] Skipping /srv/salt/global/extension_modules/clouds, it is not a directory
[DEBUG   ] The SoftLayer Python Library needs to be installed in ordere touse the SoftLayer HW salt.cloud module. See: https://pypi.python.org/pypi/SoftLayer
[DEBUG   ] There is no Rackspace cloud provider configuration available. Not loading module.
[DEBUG   ] There is no Parallels cloud provider configuration available. Not loading module.
[DEBUG   ] The SoftLayer Python Library needs to be installed in ordere touse the SoftLayer salt.cloud module. See: https://pypi.python.org/pypi/SoftLayer
[DEBUG   ] There is no Linode cloud provider configuration available. Not loading module.
[DEBUG   ] There is no Nova cloud provider configuration available. Not loading module.
[DEBUG   ] There is no Joyent cloud provider configuration available. Not loading module.
[DEBUG   ] There is no AWS cloud provider configuration available. Not loading module
[DEBUG   ] There is no CloudStack cloud provider configuration available. Not loading module.
[DEBUG   ] There is no GoGrid cloud provider configuration available. Not loading module.
[DEBUG   ] Loading EC2 cloud compute module
[DEBUG   ] There is no IBM SCE cloud provider configuration available. Not loading module.
[DEBUG   ] There is no Openstack cloud provider configuration available. Not loading module.
[DEBUG   ] There is no Digital Ocean cloud provider configuration available. Not loading module.
[DEBUG   ] The 'botocore' library is not installed. The libcloud AWS support will be loaded instead.
[DEBUG   ] 'parallels.avail_sizes' has been marked as not supported. Removing from the list of supported cloud functions
[DEBUG   ] 'parallels.avail_locations' has been marked as not supported. Removing from the list of supported cloud functions
[DEBUG   ] 'saltify.destroy' has been marked as not supported. Removing from the list of supported cloud functions
[DEBUG   ] 'saltify.avail_sizes' has been marked as not supported. Removing from the list of supported cloud functions
[DEBUG   ] 'saltify.avail_images' has been marked as not supported. Removing from the list of supported cloud functions
[DEBUG   ] 'saltify.avail_locations' has been marked as not supported. Removing from the list of supported cloud functions
[DEBUG   ] 'rackspace.reboot' has been marked as not supported. Removing from the list of supported cloud functions
[DEBUG   ] loading cloud in ['/srv/salt/global/extension_modules/clouds', '/usr/lib/python2.6/site-packages/saltcloud/clouds']
[DEBUG   ] Skipping /srv/salt/global/extension_modules/clouds, it is not a directory
[DEBUG   ] The SoftLayer Python Library needs to be installed in ordere touse the SoftLayer HW salt.cloud module. See: https://pypi.python.org/pypi/SoftLayer
[DEBUG   ] There is no Rackspace cloud provider configuration available. Not loading module.
[DEBUG   ] There is no Parallels cloud provider configuration available. Not loading module.
[DEBUG   ] The SoftLayer Python Library needs to be installed in ordere touse the SoftLayer salt.cloud module. See: https://pypi.python.org/pypi/SoftLayer
[DEBUG   ] There is no Linode cloud provider configuration available. Not loading module.
[DEBUG   ] There is no Nova cloud provider configuration available. Not loading module.
[DEBUG   ] There is no Joyent cloud provider configuration available. Not loading module.
[DEBUG   ] There is no AWS cloud provider configuration available. Not loading module
[DEBUG   ] There is no CloudStack cloud provider configuration available. Not loading module.
[DEBUG   ] There is no GoGrid cloud provider configuration available. Not loading module.
[DEBUG   ] Loading EC2 cloud compute module
[DEBUG   ] There is no IBM SCE cloud provider configuration available. Not loading module.
[DEBUG   ] There is no Openstack cloud provider configuration available. Not loading module.
[DEBUG   ] There is no Digital Ocean cloud provider configuration available. Not loading module.
[DEBUG   ] The 'botocore' library is not installed. The libcloud AWS support will be loaded instead.
[DEBUG   ] 'parallels.avail_sizes' has been marked as not supported. Removing from the list of supported cloud functions
[DEBUG   ] 'parallels.avail_locations' has been marked as not supported. Removing from the list of supported cloud functions
[DEBUG   ] 'saltify.destroy' has been marked as not supported. Removing from the list of supported cloud functions
[DEBUG   ] 'saltify.avail_sizes' has been marked as not supported. Removing from the list of supported cloud functions
[DEBUG   ] 'saltify.avail_images' has been marked as not supported. Removing from the list of supported cloud functions
[DEBUG   ] 'saltify.avail_locations' has been marked as not supported. Removing from the list of supported cloud functions
[DEBUG   ] 'rackspace.reboot' has been marked as not supported. Removing from the list of supported cloud functions
[DEBUG   ] EC2 Request: https://ec2.us-east-1.amazonaws.com/?SignatureVersion=2&AWSAccessKeyId=AWSAccessKeyId&Timestamp=2013-12-08T09%3A21%3A18Z&SignatureMethod=HmacSHA256&Version=2013-10-01&Signature=XXXXXXXXXXXXXXXXXXXXXXXXXXX&Action=DescribeInstances
[DEBUG   ] EC2 Response Status Code: 200
[DEBUG   ] Generating minion keys for 'srv-cloud-test'
[DEBUG   ] SaltEvent PUB socket URI: ipc:///var/run/salt/master/master_event_pub.ipc
[DEBUG   ] SaltEvent PULL socket URI: ipc:///var/run/salt/master/master_event_pull.ipc
[INFO    ] Creating Cloud VM srv-cloud-test in us-east-1
[INFO    ] Attempting to look up root device name for image id ami-89d088e0 on VM srv-cloud-test
[DEBUG   ] EC2 Request: https://ec2.us-east-1.amazonaws.com/?SignatureVersion=2&AWSAccessKeyId=AWSAccessKeyId&Timestamp=2013-12-08T09%3A21%3A20Z&SignatureMethod=HmacSHA256&Version=2013-10-01&Signature=XXXXXXXXXXXXXXXXXXXXXXXXXXX&Action=DescribeImages&ImageId.1=ami-89d088e0
[DEBUG   ] EC2 Response Status Code: 200
[DEBUG   ] EC2 Response: [{'productCodes': {'item': {'productCode': 'aacglxeowvn5hy8sznltowyqe', 'type': 'marketplace'}}, 'virtualizationType': 'paravirtual', 'blockDeviceMapping': {'item': {'deviceName': '/dev/sda', 'ebs': {'snapshotId': 'snap-dea998d9', 'deleteOnTermination': 'false', 'volumeSize': '200', 'volumeType': 'standard'}}}, 'name': 'CentOS_6_4_64bit_200GB_SaltCloudReady_keypair', 'imageOwnerId': '376860676714', 'hypervisor': 'xen', 'isPublic': 'false', 'imageId': 'ami-89d088e0', 'imageState': 'available', 'rootDeviceType': 'ebs', 'architecture': 'x86_64', 'imageLocation': '376860676714/CentOS_6_4_64bit_200GB_SaltCloudReady_keypair', 'kernelId': 'aki-88aa75e1', 'rootDeviceName': '/dev/sda1', 'imageType': 'machine', 'description': None}]
[INFO    ] Found root device name: /dev/sda
[DEBUG   ] SaltEvent PUB socket URI: ipc:///var/run/salt/master/master_event_pub.ipc
[DEBUG   ] SaltEvent PULL socket URI: ipc:///var/run/salt/master/master_event_pull.ipc
[DEBUG   ] EC2 Request: https://ec2.us-east-1.amazonaws.com/?SignatureVersion=2&AWSAccessKeyId=AWSAccessKeyId&Version=2013-10-01&Timestamp=2013-12-08T09%3A21%3A20Z&SecurityGroup.1=integration&Signature=XXXXXXXXXXXXXXXXXXXXXXXXXXX&ImageId=ami-89d088e0&SignatureMethod=HmacSHA256&KeyName=integration&MaxCount=1&Action=RunInstances&MinCount=1&BlockDeviceMapping.0.DeviceName=%2Fdev%2Fsda&InstanceType=m1.large&BlockDeviceMapping.0.Ebs.DeleteOnTermination=true
[DEBUG   ] EC2 Response Status Code: 200
[DEBUG   ] SaltEvent PUB socket URI: ipc:///var/run/salt/master/master_event_pub.ipc
[DEBUG   ] SaltEvent PULL socket URI: ipc:///var/run/salt/master/master_event_pull.ipc
[DEBUG   ] The new VM instance_id is i-5429fa28
[DEBUG   ] EC2 Request: https://ec2.us-east-1.amazonaws.com/?SignatureVersion=2&AWSAccessKeyId=AWSAccessKeyId&InstanceId.1=i-5429fa28&Timestamp=2013-12-08T09%3A21%3A21Z&SignatureMethod=HmacSHA256&Version=2013-10-01&Signature=XXXXXXXXXXXXXXXXXXXXXXXXXXX&Action=DescribeInstances
[DEBUG   ] EC2 Response Status Code: 200
[DEBUG   ] The query returned: [{'ownerId': '997528021615', 'groupSet': {'item': {'groupName': 'integration', 'groupId': 'sg-b7b4f5dc'}}, 'reservationId': 'r-00293579', 'instancesSet': {'item': {'productCodes': {'item': {'productCode': 'aacglxeowvn5hy8sznltowyqe', 'type': 'marketplace'}}, 'instanceId': 'i-5429fa28', 'imageId': 'ami-89d088e0', 'keyName': 'integration', 'clientToken': None, 'amiLaunchIndex': '0', 'instanceType': 'm1.large', 'groupSet': {'item': {'groupName': 'integration', 'groupId': 'sg-b7b4f5dc'}}, 'monitoring': {'state': 'disabled'}, 'dnsName': None, 'kernelId': 'aki-88aa75e1', 'virtualizationType': 'paravirtual', 'privateDnsName': None, 'reason': None, 'blockDeviceMapping': None, 'placement': {'groupName': None, 'tenancy': 'default', 'availabilityZone': 'us-east-1d'}, 'instanceState': {'code': '0', 'name': 'pending'}, 'networkInterfaceSet': None, 'ebsOptimized': 'false', 'launchTime': '2013-12-08T09:21:21.000Z', 'architecture': 'x86_64', 'hypervisor': 'xen', 'rootDeviceType': 'ebs', 'rootDeviceName': '/dev/sda1'}}}]
[DEBUG   ] Waiting for VM IP. Giving up in 00:10:00
[DEBUG   ] EC2 Request: https://ec2.us-east-1.amazonaws.com/?SignatureVersion=2&AWSAccessKeyId=AWSAccessKeyId&InstanceId.1=i-5429fa28&Timestamp=2013-12-08T09%3A21%3A21Z&SignatureMethod=HmacSHA256&Version=2013-10-01&Signature=XXXXXXXXXXXXXXXXXXXXXXXXXXX&Action=DescribeInstances
[DEBUG   ] EC2 Response Status Code: 200
[DEBUG   ] Returned query data: [{'ownerId': '997528021615', 'groupSet': {'item': {'groupName': 'integration', 'groupId': 'sg-b7b4f5dc'}}, 'reservationId': 'r-00293579', 'instancesSet': {'item': {'productCodes': {'item': {'productCode': 'aacglxeowvn5hy8sznltowyqe', 'type': 'marketplace'}}, 'instanceId': 'i-5429fa28', 'imageId': 'ami-89d088e0', 'keyName': 'integration', 'clientToken': None, 'amiLaunchIndex': '0', 'instanceType': 'm1.large', 'groupSet': {'item': {'groupName': 'integration', 'groupId': 'sg-b7b4f5dc'}}, 'monitoring': {'state': 'disabled'}, 'dnsName': None, 'kernelId': 'aki-88aa75e1', 'virtualizationType': 'paravirtual', 'privateDnsName': None, 'reason': None, 'blockDeviceMapping': None, 'placement': {'groupName': None, 'tenancy': 'default', 'availabilityZone': 'us-east-1d'}, 'instanceState': {'code': '0', 'name': 'pending'}, 'networkInterfaceSet': None, 'ebsOptimized': 'false', 'launchTime': '2013-12-08T09:21:21.000Z', 'architecture': 'x86_64', 'hypervisor': 'xen', 'rootDeviceType': 'ebs', 'rootDeviceName': '/dev/sda1'}}}]
[DEBUG   ] Waiting for VM IP. Giving up in 00:09:50
[DEBUG   ] EC2 Request: https://ec2.us-east-1.amazonaws.com/?SignatureVersion=2&AWSAccessKeyId=AWSAccessKeyId&InstanceId.1=i-5429fa28&Timestamp=2013-12-08T09%3A21%3A21Z&SignatureMethod=HmacSHA256&Version=2013-10-01&Signature=XXXXXXXXXXXXXXXXXXXXXXXXXXX&Action=DescribeInstances
[DEBUG   ] EC2 Response Status Code: 200
[DEBUG   ] Returned query data: [{'ownerId': '997528021615', 'groupSet': {'item': {'groupName': 'integration', 'groupId': 'sg-b7b4f5dc'}}, 'reservationId': 'r-00293579', 'instancesSet': {'item': {'productCodes': {'item': {'productCode': 'aacglxeowvn5hy8sznltowyqe', 'type': 'marketplace'}}, 'instanceId': 'i-5429fa28', 'imageId': 'ami-89d088e0', 'keyName': 'integration', 'clientToken': None, 'amiLaunchIndex': '0', 'instanceType': 'm1.large', 'groupSet': {'item': {'groupName': 'integration', 'groupId': 'sg-b7b4f5dc'}}, 'monitoring': {'state': 'disabled'}, 'dnsName': None, 'kernelId': 'aki-88aa75e1', 'virtualizationType': 'paravirtual', 'privateDnsName': None, 'reason': None, 'blockDeviceMapping': None, 'placement': {'groupName': None, 'tenancy': 'default', 'availabilityZone': 'us-east-1d'}, 'instanceState': {'code': '0', 'name': 'pending'}, 'networkInterfaceSet': None, 'ebsOptimized': 'false', 'launchTime': '2013-12-08T09:21:21.000Z', 'architecture': 'x86_64', 'hypervisor': 'xen', 'rootDeviceType': 'ebs', 'rootDeviceName': '/dev/sda1'}}}]
[DEBUG   ] Waiting for VM IP. Giving up in 00:09:40
[DEBUG   ] EC2 Request: https://ec2.us-east-1.amazonaws.com/?SignatureVersion=2&AWSAccessKeyId=AWSAccessKeyId&InstanceId.1=i-5429fa28&Timestamp=2013-12-08T09%3A21%3A21Z&SignatureMethod=HmacSHA256&Version=2013-10-01&Signature=XXXXXXXXXXXXXXXXXXXXXXXXXXX&Action=DescribeInstances
[DEBUG   ] EC2 Response Status Code: 200
[DEBUG   ] Returned query data: [{'ownerId': '997528021615', 'groupSet': {'item': {'groupName': 'integration', 'groupId': 'sg-b7b4f5dc'}}, 'reservationId': 'r-00293579', 'instancesSet': {'item': {'productCodes': {'item': {'productCode': 'aacglxeowvn5hy8sznltowyqe', 'type': 'marketplace'}}, 'instanceId': 'i-5429fa28', 'imageId': 'ami-89d088e0', 'keyName': 'integration', 'clientToken': None, 'amiLaunchIndex': '0', 'instanceType': 'm1.large', 'groupSet': {'item': {'groupName': 'integration', 'groupId': 'sg-b7b4f5dc'}}, 'monitoring': {'state': 'disabled'}, 'dnsName': 'ec2-54-234-29-161.compute-1.amazonaws.com', 'kernelId': 'aki-88aa75e1', 'privateIpAddress': '10.170.32.142', 'virtualizationType': 'paravirtual', 'privateDnsName': 'ip-10-170-32-142.ec2.internal', 'reason': None, 'blockDeviceMapping': {'item': {'deviceName': '/dev/sda', 'ebs': {'status': 'attached', 'deleteOnTermination': 'true', 'volumeId': 'vol-6ca32121', 'attachTime': '2013-12-08T09:21:23.000Z'}}}, 'placement': {'groupName': None, 'tenancy': 'default', 'availabilityZone': 'us-east-1d'}, 'instanceState': {'code': '16', 'name': 'running'}, 'networkInterfaceSet': None, 'ebsOptimized': 'false', 'launchTime': '2013-12-08T09:21:21.000Z', 'architecture': 'x86_64', 'hypervisor': 'xen', 'rootDeviceType': 'ebs', 'ipAddress': '54.234.29.161', 'rootDeviceName': '/dev/sda1'}}}]
[DEBUG   ] SaltEvent PUB socket URI: ipc:///var/run/salt/master/master_event_pub.ipc
[DEBUG   ] SaltEvent PULL socket URI: ipc:///var/run/salt/master/master_event_pull.ipc
[DEBUG   ] Tags to set for srv-cloud-test: {'Name': 'srv-cloud-test'}
[DEBUG   ] EC2 Request: https://ec2.us-east-1.amazonaws.com/?SignatureVersion=2&AWSAccessKeyId=AWSAccessKeyId&ResourceId.1=i-5429fa28&Timestamp=2013-12-08T09%3A21%3A41Z&Tag.0.Key=Name&Tag.0.Value=srv-cloud-test&SignatureMethod=HmacSHA256&Version=2013-10-01&Signature=XXXXXXXXXXXXXXXXXXXXXXXXXXX&Action=CreateTags
[DEBUG   ] EC2 Response Status Code: 200
[DEBUG   ] EC2 Request: https://ec2.us-east-1.amazonaws.com/?SignatureVersion=2&AWSAccessKeyId=AWSAccessKeyId&Filter.1.Name=resource-id&Timestamp=2013-12-08T09%3A21%3A41Z&SignatureMethod=HmacSHA256&Version=2013-10-01&Signature=XXXXXXXXXXXXXXXXXXXXXXXXXXX&Action=DescribeTags&Filter.1.Value=i-5429fa28
[DEBUG   ] EC2 Response Status Code: 200
[DEBUG   ] Setting the tags returned: [{'resourceType': 'instance', 'resourceId': 'i-5429fa28', 'value': 'srv-cloud-test', 'key': 'Name'}]
[INFO    ] Created node srv-cloud-test
[INFO    ] Salt node data. Private_ip: 10.170.32.142
[DEBUG   ] SaltEvent PUB socket URI: ipc:///var/run/salt/master/master_event_pub.ipc
[DEBUG   ] SaltEvent PULL socket URI: ipc:///var/run/salt/master/master_event_pull.ipc
[DEBUG   ] Attempting connection to host 10.170.32.142 on port 22
[DEBUG   ] Caught exception in wait_for_port: [Errno 113] No route to host
[DEBUG   ] Retrying connection to host 10.170.32.142 on port 22 (try 1)
[DEBUG   ] Caught exception in wait_for_port: [Errno 113] No route to host
[DEBUG   ] Retrying connection to host 10.170.32.142 on port 22 (try 2)
[DEBUG   ] Caught exception in wait_for_port: [Errno 113] No route to host
[DEBUG   ] Retrying connection to host 10.170.32.142 on port 22 (try 3)
[DEBUG   ] Caught exception in wait_for_port: [Errno 113] No route to host
[DEBUG   ] Retrying connection to host 10.170.32.142 on port 22 (try 4)
[DEBUG   ] Caught exception in wait_for_port: [Errno 113] No route to host
[DEBUG   ] Retrying connection to host 10.170.32.142 on port 22 (try 5)
[DEBUG   ] Caught exception in wait_for_port: [Errno 113] No route to host
[DEBUG   ] Retrying connection to host 10.170.32.142 on port 22 (try 6)
[DEBUG   ] Caught exception in wait_for_port: [Errno 111] Connection refused
[DEBUG   ] Retrying connection to host 10.170.32.142 on port 22 (try 7)
[DEBUG   ] Caught exception in wait_for_port: [Errno 111] Connection refused
[DEBUG   ] Retrying connection to host 10.170.32.142 on port 22 (try 8)
[DEBUG   ] Using /etc/salt/integration.pem as the key_filename
[DEBUG   ] Attempting to authenticate as root (try 1 of 15)
[DEBUG   ] SSH command: 'ssh -oStrictHostKeyChecking=no -oUserKnownHostsFile=/dev/null -oControlPath=none -oPasswordAuthentication=no -oChallengeResponseAuthentication=no -oPubkeyAuthentication=yes -oKbdInteractiveAuthentication=no -i /etc/salt/integration.pem root@10.170.32.142 date'
[INFO    ] Running command under pid 10363: 'ssh -oStrictHostKeyChecking=no -oUserKnownHostsFile=/dev/null -oControlPath=none -oPasswordAuthentication=no -oChallengeResponseAuthentication=no -oPubkeyAuthentication=yes -oKbdInteractiveAuthentication=no -i /etc/salt/integration.pem root@10.170.32.142 date'
[DEBUG   ] Executing command(PID 10363): 'date'
[DEBUG   ] Warning: Permanently added '10.170.32.142' (RSA) to the list of known hosts.
Warning: Permanently added '10.170.32.142' (RSA) to the list of known hosts.
[DEBUG   ] Using /etc/salt/integration.pem as the key_filename
[DEBUG   ] Attempting to authenticate as root (try 2 of 15)
[DEBUG   ] SSH command: 'ssh -oStrictHostKeyChecking=no -oUserKnownHostsFile=/dev/null -oControlPath=none -oPasswordAuthentication=no -oChallengeResponseAuthentication=no -oPubkeyAuthentication=yes -oKbdInteractiveAuthentication=no -i /etc/salt/integration.pem root@10.170.32.142 date'
[INFO    ] Running command under pid 10364: 'ssh -oStrictHostKeyChecking=no -oUserKnownHostsFile=/dev/null -oControlPath=none -oPasswordAuthentication=no -oChallengeResponseAuthentication=no -oPubkeyAuthentication=yes -oKbdInteractiveAuthentication=no -i /etc/salt/integration.pem root@10.170.32.142 date'
[DEBUG   ] Executing command(PID 10364): 'date'
[DEBUG   ] Warning: Permanently added '10.170.32.142' (RSA) to the list of known hosts.
Warning: Permanently added '10.170.32.142' (RSA) to the list of known hosts.
[DEBUG   ] Using /etc/salt/integration.pem as the key_filename
[DEBUG   ] Attempting to authenticate as root (try 3 of 15)
[DEBUG   ] SSH command: 'ssh -oStrictHostKeyChecking=no -oUserKnownHostsFile=/dev/null -oControlPath=none -oPasswordAuthentication=no -oChallengeResponseAuthentication=no -oPubkeyAuthentication=yes -oKbdInteractiveAuthentication=no -i /etc/salt/integration.pem root@10.170.32.142 date'
[INFO    ] Running command under pid 10365: 'ssh -oStrictHostKeyChecking=no -oUserKnownHostsFile=/dev/null -oControlPath=none -oPasswordAuthentication=no -oChallengeResponseAuthentication=no -oPubkeyAuthentication=yes -oKbdInteractiveAuthentication=no -i /etc/salt/integration.pem root@10.170.32.142 date'
[DEBUG   ] Executing command(PID 10365): 'date'
[DEBUG   ] Warning: Permanently added '10.170.32.142' (RSA) to the list of known hosts.
Warning: Permanently added '10.170.32.142' (RSA) to the list of known hosts.
[DEBUG   ] Using /etc/salt/integration.pem as the key_filename
[DEBUG   ] Attempting to authenticate as root (try 4 of 15)
[DEBUG   ] SSH command: 'ssh -oStrictHostKeyChecking=no -oUserKnownHostsFile=/dev/null -oControlPath=none -oPasswordAuthentication=no -oChallengeResponseAuthentication=no -oPubkeyAuthentication=yes -oKbdInteractiveAuthentication=no -i /etc/salt/integration.pem root@10.170.32.142 date'
[INFO    ] Running command under pid 10366: 'ssh -oStrictHostKeyChecking=no -oUserKnownHostsFile=/dev/null -oControlPath=none -oPasswordAuthentication=no -oChallengeResponseAuthentication=no -oPubkeyAuthentication=yes -oKbdInteractiveAuthentication=no -i /etc/salt/integration.pem root@10.170.32.142 date'
[DEBUG   ] Executing command(PID 10366): 'date'
[DEBUG   ] Warning: Permanently added '10.170.32.142' (RSA) to the list of known hosts.
Warning: Permanently added '10.170.32.142' (RSA) to the list of known hosts.
[DEBUG   ] Using /etc/salt/integration.pem as the key_filename
[DEBUG   ] Attempting to authenticate as root (try 5 of 15)
[DEBUG   ] SSH command: 'ssh -oStrictHostKeyChecking=no -oUserKnownHostsFile=/dev/null -oControlPath=none -oPasswordAuthentication=no -oChallengeResponseAuthentication=no -oPubkeyAuthentication=yes -oKbdInteractiveAuthentication=no -i /etc/salt/integration.pem root@10.170.32.142 date'
[INFO    ] Running command under pid 10367: 'ssh -oStrictHostKeyChecking=no -oUserKnownHostsFile=/dev/null -oControlPath=none -oPasswordAuthentication=no -oChallengeResponseAuthentication=no -oPubkeyAuthentication=yes -oKbdInteractiveAuthentication=no -i /etc/salt/integration.pem root@10.170.32.142 date'
[DEBUG   ] Executing command(PID 10367): 'date'
[DEBUG   ] Warning: Permanently added '10.170.32.142' (RSA) to the list of known hosts.
Warning: Permanently added '10.170.32.142' (RSA) to the list of known hosts.
[INFO    ] Rendering deploy script: /etc/salt/minion-rhel.sh
[DEBUG   ] SaltEvent PUB socket URI: ipc:///var/run/salt/master/master_event_pub.ipc
[DEBUG   ] SaltEvent PULL socket URI: ipc:///var/run/salt/master/master_event_pull.ipc
Assertion failed: get_load () == 0 (poller_base.cpp:32)
Aborted
```

Thanks,
Ran
