On 2019.2.1 python2, when running salt-ssh commands I see this error `[ERROR   ] Failed collecting tops for Python binary python3.`
This only occur on the first salt-ssh command I run, on other runs it is not present.

```
[root@frode2 ~]# salt-ssh \* -i test.ping
[ERROR   ] Failed collecting tops for Python binary python3.
ssh:
    True
[root@frode2 ~]# salt-ssh \* -i test.ping
ssh:
    True
[root@frode2 ~]# salt-ssh \* -i test.ping
ssh:
    True
[root@frode2 ~]# salt-ssh \* test.ping
ssh:
    True
[root@frode2 ~]# salt-ssh \* test.ping
ssh:
    True
[root@frode2 ~]# salt --version
salt 2019.2.0-1389-g4859e6c (Fluorine)
[root@frode2 ~]# 
```


### Steps to Reproduce Issue
Config roster file and run salt-ssh command.


ssh log file:
```
root@frode2 ~]# cat /var/log/salt/ssh 
2019-04-19 19:50:18,679 [salt.utils.thin  :431 ][ERROR   ][11123] Failed collecting tops for Python binary python3.
```

