os: Amazon Linux
tomcat7-7.0.47-1.38
salt-2014.1.4-1

tomcat-master Pillar and Grain are configured correctly.

```
salt '*' grains.item tomcat-manager
ip-172-31-25-209.us-west-2.compute.internal:
  tomcat-manager: {'passwd': '234234234234234234', 'user': 'saltstack'}

salt '*' pillar.item tomcat-manager
ip-172-31-25-209.us-west-2.compute.internal:
    ----------
    tomcat-manager:
        ----------
        passwd:
            234234234234234234
        user:
            saltstack

```

None of these module commands return successful:

```
[root@ip-172-31-25-209 ec2-user]# salt-call tomcat.fullversion
[INFO    ] Executing command '/usr/share/tomcat7/bin/catalina.sh version' in directory '/root'
[ERROR   ] Command '/usr/share/tomcat7/bin/catalina.sh version' failed with return code: 127
[ERROR   ] output: /bin/bash: /usr/share/tomcat7/bin/catalina.sh: No such file or directory
local:
    ----------
    /bin/bash:
        /usr/share/tomcat7/bin/catalina.sh

[root@ip-172-31-25-209 bin]# salt-call tomcat.ls
local:
    ----------

[root@ip-172-31-25-209 bin]# salt-call tomcat.leaks
local:
    missing username and password settings (grain/pillar)


[root@ip-172-31-25-209 bin]# salt-call tomcat.serverinfo
local:
    ----------
    error:
        missing username and password settings (grain/pillar)


[root@ip-172-31-25-209 bin]# salt-call tomcat.status
local:
    False

[root@ip-172-31-25-209 bin]# salt-call tomcat.version
[INFO    ] Executing command '/usr/share/tomcat7/bin/catalina.sh version' in directory '/root'
[ERROR   ] Command '/usr/share/tomcat7/bin/catalina.sh version' failed with return code: 127
[ERROR   ] output: /bin/bash: /usr/share/tomcat7/bin/catalina.sh: No such file or directory
local:
    None
```

Problem 1: tomcat-manager grain and pillar are not found.
Problem 2: /usr/share/tomcat7/bin/catalina.sh doesn't exist in this installation of tomcat7.  Perhaps it's used in an older version of tomcat? 

```
[root@ip-172-31-25-209 bin]# rpm -qa | grep tomcat
tomcat7-servlet-3.0-api-7.0.47-1.38.amzn1.noarch
tomcat7-7.0.47-1.38.amzn1.noarch
tomcat7-el-2.2-api-7.0.47-1.38.amzn1.noarch
apache-tomcat-apis-0.1-1.6.amzn1.noarch
tomcat7-admin-webapps-7.0.47-1.38.amzn1.noarch
tomcat7-jsp-2.2-api-7.0.47-1.38.amzn1.noarch
tomcat7-lib-7.0.47-1.38.amzn1.noarch
tomcat7-webapps-7.0.47-1.38.amzn1.noarch
```
