When test=True is enabled on minion there is no way to run salt 'i-jakub-1' state.highstate with test=False argument.
### Commands

```
root@saltmaster:/srv# salt 'i-jakub*' state.highstate
...
Summary
-------------
Succeeded: 62
Failed:     0
Not Run:   17
-------------
Total:     79
```

```
root@saltmaster:/srv# salt 'i-jakub*' state.highstate test=False
...
Summary
-------------
Succeeded: 62
Failed:     0
Not Run:   17
-------------
Total:     79
```
### Versions and settings

```
[root@i-jakub1 ~]# grep ^test /etc/salt/minion 
test: True
root@saltmaster:~# salt --version
salt 2014.1.3
[jakubek@i-jakub1 ~]$ salt-minion --version
salt-minion 2014.1.3
```
