When using zmq for the transport I can use cp.get_file to copy gigabyte-sized files from master to minion with no problem.  Under RAET, I get the traceback below.  Note that without the '-t 3600' the CLI just returns with no output.  In traceback cases a 0-byte file is left on the minion.

```
root@raring64:/srv/salt# salt -t 3600 newid cp.get_file salt://150_K /tmp/150_K
newid:
    /tmp/150_K
root@raring64:/srv/salt# dd if=/dev/urandom of=175_K bs=1k count=175
175+0 records in
175+0 records out
179200 bytes (179 kB) copied, 0.0161427 s, 11.1 MB/s
root@raring64:/srv/salt# salt -t 3600 newid cp.get_file salt://175_K /tmp/175_K
newid:
    /tmp/175_K
root@raring64:/srv/salt# dd if=/dev/urandom of=200_K bs=1k count=200
200+0 records in
200+0 records out
204800 bytes (205 kB) copied, 0.0206169 s, 9.9 MB/s
root@raring64:/srv/salt# salt -t 3600 newid cp.get_file salt://200_K /tmp/200_K
newid:
    /tmp/200_K
root@raring64:/srv/salt# dd if=/dev/urandom of=225_K bs=1k count=225
225+0 records in
225+0 records out
230400 bytes (230 kB) copied, 0.0215136 s, 10.7 MB/s
root@raring64:/srv/salt# salt -t 3600 newid cp.get_file salt://225_K /tmp/225_K
newid:
    /tmp/225_K
root@raring64:/srv/salt# salt -t 3600 newid cp.get_file salt://250_K /tmp/250_K
newid:
    The minion function caused an exception: Traceback (most recent call last):
      File "/vagrant/salt/salt/daemons/flo/core.py", line 1098, in proc_run
        return_data = func(*args, **kwargs)
      File "/vagrant/salt/salt/modules/cp.py", line 168, in get_file
        gzip)
      File "/vagrant/salt/salt/fileclient.py", line 989, in get_file
        data = channel.send(load)
      File "/vagrant/salt/salt/transport/__init__.py", line 168, in send
        raise ValueError
    ValueError
```

and on the minion:

```
root@minion:/root# ls -la /tmp/*_K
-rw-r--r-- 1 root root 102400 Oct  8 21:29 /tmp/100_K
-rw-r--r-- 1 root root 153600 Oct  8 21:33 /tmp/150_K
-rw-r--r-- 1 root root 179200 Oct  8 21:34 /tmp/175_K
-rw-r--r-- 1 root root 204800 Oct  8 21:34 /tmp/200_K
-rw-r--r-- 1 root root 230400 Oct  8 21:34 /tmp/225_K
-rw-r--r-- 1 root root      0 Oct  8 21:34 /tmp/250_K
```
